[2026-09-14 17:25:05] launchd start (job=benchmarks)
2026-09-14 TRADING
[preflight] [PASS] halt: no active halt
[preflight] [WARN] halt[phase0_null]: phase0_null is halted (2026-09-10 16:04:42: CORRECTION to the entry below: $168,790.60 is ledger overclaim (rebuild, no position call); only LQD's $89,841.18 is unattributed. Total $260,418.10 unchanged. Block unchanged.). That book is not trading; this one is unaffected.
[preflight] [PASS] costs: all 13 deployed ticker(s) priced
[preflight] [PASS] cost_drift: static costs still match the model
[preflight] [PASS] data: prices -> 2026-09-11 (1bd); NAV -> 2026-09-11 (1bd)
[preflight] [PASS] heartbeat: last beat 2026-09-11 (ok)
[preflight] [PASS] phantom_books: no dead books claiming symbols
[preflight] [PASS] broker: TWS/Gateway listening on 127.0.0.1:4002
[preflight] [PASS] margin: cushion 0.169, gross/NLV 2.01x, excess liquidity 167,321
[2026-09-14 17:25:07] ARMED: EXECUTION=ibkr books-root=ops/books/benchmarks_live asof=2026-09-14
[ibkr] arm: account has 34 position(s), 23 belonging to another book (ignored)
[ibkr] arm: ADOPTED broker truth bench_b4_60_40/IEF: ledger +86 -> broker +87
[ibkr] arm: ARMED
[run_book] EXECUTION=ibkr single day asof=2026-09-14
[ibkr] pending-order check: nothing resting or recorded pending on 12 instrument(s)
[ibkr] bench_b1_hyg @ 2026-09-14: execution record holds 0 execution(s) for the ledger to book
[ibkr] bench_b3_agg @ 2026-09-14: execution record holds 1 execution(s) for the ledger to book
[ibkr] DESYNC bench_b3_agg @ 2026-09-14: shadow ledger did NOT record 0 transmitted fill(s)
Traceback (most recent call last):
  File "/Users/simonjarvis/prod/QUANTT/src/deploy/broker/ibkr.py", line 1315, in place_targets
    self._shadow().place_targets(
    ~~~~~~~~~~~~~~~~~~~~~~~~~~~~^
        sleeve_name, targets, asof, market_state,
        ^^^^^^^^^^^^^^^^^^^^^^^^^^^^^^^^^^^^^^^^^
        execution_record=self._execution_record(sleeve_name, asof))
        ^^^^^^^^^^^^^^^^^^^^^^^^^^^^^^^^^^^^^^^^^^^^^^^^^^^^^^^^^^^
  File "/Users/simonjarvis/prod/QUANTT/src/deploy/broker/simulator.py", line 134, in place_targets
    lg.advance(prices, cfg["run_spec"], cfg["costs"], target_fn,
    ~~~~~~~~~~^^^^^^^^^^^^^^^^^^^^^^^^^^^^^^^^^^^^^^^^^^^^^^^^^^
               through=asof, start=start, verbose=self.verbose)
               ^^^^^^^^^^^^^^^^^^^^^^^^^^^^^^^^^^^^^^^^^^^^^^^^
  File "/Users/simonjarvis/prod/QUANTT/ops/ledger.py", line 502, in advance
    raise UnbookedExecution(
    ...<7 lines>...
        f"repair before advancing.")
ops.ledger.UnbookedExecution: 2026-09-14: the broker reports 1 execution(s) that no ledger order accounts for (00012ec5.6b7cff97.01.01). The ledger cannot represent them, and booking the day without them would understate the position permanently. Reconcile with `python3 -m ops.reconcile_orders` and repair before advancing.

[ibkr] transmitted fills saved to /Users/simonjarvis/prod/QUANTT/ops/books/benchmarks_live/_ibkr_shadow/_desync/bench_b3_agg_2026-09-14.json
[alert] email: not configured — add ALERT_SMTP_USER and ALERT_SMTP_PASS (a Google App Password) to config/.env to enable email alerts
Traceback (most recent call last):
  File "/Users/simonjarvis/prod/QUANTT/src/deploy/broker/ibkr.py", line 1315, in place_targets
    self._shadow().place_targets(
    ~~~~~~~~~~~~~~~~~~~~~~~~~~~~^
        sleeve_name, targets, asof, market_state,
        ^^^^^^^^^^^^^^^^^^^^^^^^^^^^^^^^^^^^^^^^^
        execution_record=self._execution_record(sleeve_name, asof))
        ^^^^^^^^^^^^^^^^^^^^^^^^^^^^^^^^^^^^^^^^^^^^^^^^^^^^^^^^^^^
  File "/Users/simonjarvis/prod/QUANTT/src/deploy/broker/simulator.py", line 134, in place_targets
    lg.advance(prices, cfg["run_spec"], cfg["costs"], target_fn,
    ~~~~~~~~~~^^^^^^^^^^^^^^^^^^^^^^^^^^^^^^^^^^^^^^^^^^^^^^^^^^
               through=asof, start=start, verbose=self.verbose)
               ^^^^^^^^^^^^^^^^^^^^^^^^^^^^^^^^^^^^^^^^^^^^^^^^
  File "/Users/simonjarvis/prod/QUANTT/ops/ledger.py", line 502, in advance
    raise UnbookedExecution(
    ...<7 lines>...
        f"repair before advancing.")
ops.ledger.UnbookedExecution: 2026-09-14: the broker reports 1 execution(s) that no ledger order accounts for (00012ec5.6b7cff97.01.01). The ledger cannot represent them, and booking the day without them would understate the position permanently. Reconcile with `python3 -m ops.reconcile_orders` and repair before advancing.

The above exception was the direct cause of the following exception:

Traceback (most recent call last):
  File "<frozen runpy>", line 198, in _run_module_as_main
  File "<frozen runpy>", line 88, in _run_code
  File "/Users/simonjarvis/prod/QUANTT/src/deploy/run_book.py", line 588, in <module>
    sys.exit(main())
             ~~~~^^
  File "/Users/simonjarvis/prod/QUANTT/src/deploy/run_book.py", line 541, in main
    view = orch.advance(asof, source=args.source)
  File "/Users/simonjarvis/prod/QUANTT/src/deploy/portfolio.py", line 193, in advance
    self.broker.place_targets(name, targets, asof, ms)
    ~~~~~~~~~~~~~~~~~~~~~~~~~^^^^^^^^^^^^^^^^^^^^^^^^^
  File "/Users/simonjarvis/prod/QUANTT/src/deploy/broker/ibkr.py", line 1320, in place_targets
    raise ShadowLedgerDesync(
    ...<4 lines>...
        f"session will refuse to trade until the ledger is rebuilt.") from exc
src.deploy.broker.ibkr.ShadowLedgerDesync: bench_b3_agg @ 2026-09-14: the shadow sub-ledger failed to record 0 fill(s) that were ALREADY TRANSMITTED to the broker (UnbookedExecution('2026-09-14: the broker reports 1 execution(s) that no ledger order accounts for (00012ec5.6b7cff97.01.01). The ledger cannot represent them, and booking the day without them would understate the position permanently. Reconcile with `python3 -m ops.reconcile_orders` and repair before advancing.')). The fills are saved to _desync/ and ops/HALT.md is written; the next session will refuse to trade until the ledger is rebuilt.
[2026-09-14 17:25:15] book run FAILED rc=1
[2026-09-14 17:25:15] capturing broker executions (TWS forgets these at its daily restart)
[capture] 7 execution(s) in the TWS session
[capture]   bench_b1_hyg: 0 new -> /Users/simonjarvis/prod/QUANTT/ops/books/benchmarks_live/_ibkr_shadow/bench_b1_hyg/broker_fills.csv
[capture]   bench_b3_agg: 1 new -> /Users/simonjarvis/prod/QUANTT/ops/books/benchmarks_live/_ibkr_shadow/bench_b3_agg/broker_fills.csv
[capture]   bench_b4_60_40: 0 new -> /Users/simonjarvis/prod/QUANTT/ops/books/benchmarks_live/_ibkr_shadow/bench_b4_60_40/broker_fills.csv
[capture]   bench_b5_shy: 1 new -> /Users/simonjarvis/prod/QUANTT/ops/books/benchmarks_live/_ibkr_shadow/bench_b5_shy/broker_fills.csv
[capture]   bench_b6_ew_credit: 1 new -> /Users/simonjarvis/prod/QUANTT/ops/books/benchmarks_live/_ibkr_shadow/bench_b6_ew_credit/broker_fills.csv
[capture]   0 already recorded (skipped), 4 belonged to another book (ignored)
[capture]   shared tickers resolved by orderId: {'HYG': ['bench_b1_hyg', 'bench_b6_ew_credit']}
[slippage] bench_b1_hyg: no overlapping fill dates yet
[slippage] bench_b3_agg: no overlapping fill dates yet
[slippage] bench_b4_60_40: no overlapping fill dates yet
[slippage] bench_b5_shy: no overlapping fill dates yet
[slippage] bench_b6_ew_credit: no overlapping fill dates yet
[2026-09-14 17:25:18] done status=failed
