[2026-09-10 17:25:05] launchd start (job=benchmarks)
2026-09-10 TRADING
[preflight] [PASS] halt: no active halt
[preflight] [WARN] halt[phase0_null]: phase0_null is halted (2026-09-10 16:04:42: CORRECTION to the entry below: $168,790.60 is ledger overclaim (rebuild, no position call); only LQD's $89,841.18 is unattributed. Total $260,418.10 unchanged. Block unchanged.). That book is not trading; this one is unaffected.
[preflight] [PASS] costs: all 13 deployed ticker(s) priced
[preflight] [PASS] cost_drift: static costs still match the model
[preflight] [PASS] data: prices -> 2026-09-09 (1bd); NAV -> 2026-09-09 (1bd)
[preflight] [PASS] heartbeat: last beat 2026-09-09 (failed)
[preflight] [PASS] broker: TWS/Gateway listening on 127.0.0.1:4002
[preflight] [PASS] margin: cushion 0.162, gross/NLV 2.02x, excess liquidity 161,150
[2026-09-10 17:25:06] ARMED: EXECUTION=ibkr books-root=ops/books/benchmarks_live asof=2026-09-10
[ibkr] arm: account has 34 position(s), 23 belonging to another book (ignored)
[ibkr] arm: ADOPTED broker truth bench_b3_agg/AGG: ledger +206 -> broker +205
[ibkr] arm: ARMED
[ibkr] arm: account has 34 position(s), 23 belonging to another book (ignored)
[ibkr] arm: ARMED
[run_book] EXECUTION=ibkr single day asof=2026-09-10
[ibkr] WARNING 2026-09-10 bench_b4_60_40: cannot size weight target for SPY (no local price); no live order sent for this leg.
[report] wrote /Users/simonjarvis/prod/QUANTT/ops/books/benchmarks_live/report_2026-09-10.md
[report] wrote /Users/simonjarvis/prod/QUANTT/ops/books/benchmarks_live/target_vs_current.csv

[run_book] BOOK asof 2026-09-10  NAV $99,438.67  PnL $-561.33  turnover $29  gross $86,986
[run_book]   bench_b1_hyg: NAV $19,863.92  verdict OK  enabled
[run_book]   bench_b3_agg: NAV $19,804.30  verdict OK  enabled
[run_book]   bench_b4_60_40: NAV $20,000.00  verdict OK  enabled
[run_book]   bench_b5_shy: NAV $19,934.12  verdict OK  enabled
[run_book]   bench_b6_ew_credit: NAV $19,836.33  verdict OK  enabled
[run_book]   limit max_gross_exposure_usd: OK
[run_book]   limit book_drawdown_suspend_pct: OK
[run_book]   limit per_sleeve_capital_band: OK
[run_book]   limit book_worst_month_usd: OK
[2026-09-10 17:25:10] book run ok
[2026-09-10 17:25:10] capturing broker executions (TWS forgets these at its daily restart)
[capture] 576 execution(s) in the TWS session
[capture]   bench_b1_hyg: 0 new -> /Users/simonjarvis/prod/QUANTT/ops/books/benchmarks_live/_ibkr_shadow/bench_b1_hyg/broker_fills.csv
[capture]   bench_b3_agg: 0 new -> /Users/simonjarvis/prod/QUANTT/ops/books/benchmarks_live/_ibkr_shadow/bench_b3_agg/broker_fills.csv
[capture]   bench_b4_60_40: 0 new -> /Users/simonjarvis/prod/QUANTT/ops/books/benchmarks_live/_ibkr_shadow/bench_b4_60_40/broker_fills.csv
[capture]   bench_b5_shy: 0 new -> /Users/simonjarvis/prod/QUANTT/ops/books/benchmarks_live/_ibkr_shadow/bench_b5_shy/broker_fills.csv
[capture]   bench_b6_ew_credit: 67 new -> /Users/simonjarvis/prod/QUANTT/ops/books/benchmarks_live/_ibkr_shadow/bench_b6_ew_credit/broker_fills.csv
[capture]   0 already recorded (skipped), 509 belonged to another book (ignored)
[capture]   shared tickers resolved by orderId: {'HYG': ['bench_b1_hyg', 'bench_b6_ew_credit']}
[slippage] bench_b1_hyg: no overlapping fill dates yet
[slippage] bench_b3_agg: no overlapping fill dates yet
[slippage] bench_b4_60_40: no overlapping fill dates yet
[slippage] bench_b5_shy: no overlapping fill dates yet
[slippage] bench_b6_ew_credit: no overlapping fill dates yet
[2026-09-10 17:25:11] done status=ok
