[2026-09-16 08:30:05] launchd start (job=cef)
2026-09-16 TRADING
[2026-09-16 08:30:05] plan: mode=morning asof=2026-09-15 may_arm=True (today=2026-09-16, prev trading day=2026-09-15)
[2026-09-16 08:30:05] refreshing market data
  08:30 is before the close: any bar dated 2026-09-16 is a partial session and will not be written
$XFCTX: possibly delisted; no price data found  (period=6mo)
  prices 266,999 rows -> 2026-09-15
  NAV    234,178 rows -> 2026-09-15
  all 44 NAV series fresh within 3 bd
  today's pair complete: every deployed name has a close and a NAV dated 2026-09-15
IBKR shortstock file unavailable (HTTPError: HTTP Error 404: Not Found); fees from the API instead
Traceback (most recent call last):
  File "/opt/anaconda3/lib/python3.13/asyncio/tasks.py", line 507, in wait_for
    return await fut
           ^^^^^^^^^
asyncio.exceptions.CancelledError

The above exception was the direct cause of the following exception:

Traceback (most recent call last):
  File "/Users/simonjarvis/prod/QUANTT/scripts/cef/fetch_borrow_rates.py", line 307, in <module>
    sys.exit(main())
             ~~~~^^
  File "/Users/simonjarvis/prod/QUANTT/scripts/cef/fetch_borrow_rates.py", line 241, in main
    api = from_api_fee(u)
  File "/Users/simonjarvis/prod/QUANTT/scripts/cef/fetch_borrow_rates.py", line 133, in from_api_fee
    ib.connect(IB_HOST, IB_PORT, clientId=IB_CLIENT_ID, readonly=True, timeout=20)
    ~~~~~~~~~~^^^^^^^^^^^^^^^^^^^^^^^^^^^^^^^^^^^^^^^^^^^^^^^^^^^^^^^^^^^^^^^^^^^^
  File "/opt/anaconda3/lib/python3.13/site-packages/ib_async/ib.py", line 369, in connect
    return self._run(
           ~~~~~~~~~^
        self.connectAsync(
        ^^^^^^^^^^^^^^^^^^
    ...<8 lines>...
        )
        ^
    )
    ^
  File "/opt/anaconda3/lib/python3.13/site-packages/ib_async/ib.py", line 428, in _run
    return util.run(*awaitables, timeout=self.RequestTimeout)
           ~~~~~~~~^^^^^^^^^^^^^^^^^^^^^^^^^^^^^^^^^^^^^^^^^^
  File "/opt/anaconda3/lib/python3.13/site-packages/ib_async/util.py", line 360, in run
    result = loop.run_until_complete(task)
  File "/opt/anaconda3/lib/python3.13/asyncio/base_events.py", line 725, in run_until_complete
    return future.result()
           ~~~~~~~~~~~~~^^
  File "/opt/anaconda3/lib/python3.13/site-packages/ib_async/ib.py", line 2043, in connectAsync
    await self.client.connectAsync(host, port, clientId, timeout)
  File "/opt/anaconda3/lib/python3.13/site-packages/ib_async/client.py", line 227, in connectAsync
    await asyncio.wait_for(self.apiStart, timeout)
  File "/opt/anaconda3/lib/python3.13/asyncio/tasks.py", line 506, in wait_for
    async with timeouts.timeout(timeout):
               ~~~~~~~~~~~~~~~~^^^^^^^^^
  File "/opt/anaconda3/lib/python3.13/asyncio/timeouts.py", line 116, in __aexit__
    raise TimeoutError from exc_val
TimeoutError
[2026-09-16 08:30:44] panel scripts/cef/fetch_borrow_rates.py FAILED rc=1 (session continues)
[preflight] [FAIL] halt: ops/HALT_cef_discount_paper.md is active (2026-09-15 08:39:04: shadow ledger desync in cef_discount @ 2026-09-14) — blocks THIS book (cef_discount_paper). Clear with ops.halt.clear_halt('...', book='cef_discount_paper') once genuinely fixed.
[preflight] [WARN] halt[benchmarks_paper]: benchmarks_paper is halted (2026-09-14 17:25:10: shadow ledger desync in bench_b3_agg @ 2026-09-14). That book is not trading; this one is unaffected.
[preflight] [WARN] halt[phase0_null]: phase0_null is halted (2026-09-10 16:04:42: CORRECTION to the entry below: $168,790.60 is ledger overclaim (rebuild, no position call); only LQD's $89,841.18 is unattributed. Total $260,418.10 unchanged. Block unchanged.). That book is not trading; this one is unaffected.
[preflight] [PASS] costs: all 17 deployed ticker(s) priced
[preflight] [PASS] cost_drift: static costs still match the model
[preflight] [PASS] data: prices -> 2026-09-15 (0bd); NAV -> 2026-09-15 (0bd)
[preflight] [PASS] heartbeat: last beat 2026-09-15 (ok_not_armed)
[preflight] [PASS] phantom_books: no dead books claiming symbols
[preflight] [PASS] broker: TWS/Gateway listening on 127.0.0.1:4002
[preflight] [PASS] margin: skipped (TimeoutError)
[2026-09-16 08:31:08] NOT ARMED -> dry run in /Users/simonjarvis/prod/QUANTT/ops/books/_dryruns/cef. Reason: [FAIL] halt: ops/HALT_cef_discount_paper.md is active (2026-09-15 08:39:04: shadow ledger desync in cef_discount @ 2026-09-14) — blocks THIS book (cef_discount_paper). Clear with ops.halt.clear_halt('...', book='cef_discount_paper') once genuinely fixed.
[run_book] EXECUTION=simulator single day asof=2026-09-15
[dry-run] cef_discount: SHORT AWF                      w=-0.0107895 held=1743  (cef discount z=-1.13 w=-0.0108 volscal=1.66)
[dry-run] cef_discount: LONG  BIT                      qty=8137     held=8137  (cef band hold: |gap|<=0.0480 w=+0.1870)
[dry-run] cef_discount: LONG  DSL                      qty=3723     held=3723  (cef band hold: |gap|<=0.0480 w=+0.0763)
[dry-run] cef_discount: LONG  HYT                      w=0.0612845  held=4598  (cef discount z=-1.81 w=+0.0613 volscal=1.66)
[dry-run] cef_discount: SHORT JFR                      w=-0.071254  held=-3234  (cef discount z=-0.55 w=-0.0713 volscal=1.66)
[dry-run] cef_discount: SHORT MHD                      w=-0.149     held=-5862  (cef discount z=+0.19 w=-0.1490 volscal=1.66)
[dry-run] cef_discount: SHORT MQY                      w=-0.0255762 held=-2089  (cef discount z=-1.90 w=-0.0256 volscal=1.66)
[dry-run] cef_discount: SHORT NAD                      w=-0.116768  held=-8129  (cef discount z=-1.03 w=-0.1168 volscal=1.66)
[dry-run] cef_discount: SHORT NEA                      w=-0.159682  held=-7319  (cef discount z=+0.29 w=-0.1597 volscal=1.66)
[dry-run] cef_discount: SHORT NVG                      qty=-4852    held=-4852  (cef band hold: |gap|<=0.0480 w=-0.1095)
[dry-run] cef_discount: SHORT NZF                      w=-0.0642903 held=-4533  (cef discount z=-1.53 w=-0.0643 volscal=1.66)
[dry-run] cef_discount: LONG  PCN                      qty=2120     held=2120  (cef band hold: |gap|<=0.0480 w=+0.0475)
[dry-run] cef_discount: LONG  PDI                      qty=4102     held=4102  (cef band hold: |gap|<=0.0480 w=+0.1169)
[dry-run] cef_discount: LONG  PDO                      qty=6099     held=6099  (cef band hold: |gap|<=0.0480 w=+0.1458)
[dry-run] cef_discount: LONG  PFN                      w=0.0558273  held=559  (cef discount z=-2.67 w=+0.0558 volscal=1.66)
[dry-run] cef_discount: LONG  PHK                      w=0.0745426  held=6392  (cef discount z=-2.85 w=+0.0745 volscal=1.66)
[dry-run] cef_discount: LONG  PTY                      w=0.013145   held=2084  (cef discount z=-1.35 w=+0.0131 volscal=1.66)

[run_book] DRY-RUN asof 2026-09-15: 17 targets across 1 sleeve-days logged to /Users/simonjarvis/prod/QUANTT/ops/books/_dryruns/cef/dryrun_2026-09-15.json — NO orders transmitted, NO ledger writes.

[run_book] BOOK asof 2026-09-15  NAV $500,000.00  PnL $0.00  turnover $0  gross $813,682
[run_book]   cef_discount: NAV $500,000.00  verdict OK  enabled
[run_book]   limit max_gross_exposure_usd: OK
[run_book]   limit book_drawdown_suspend_pct: OK
[run_book]   limit per_sleeve_capital_band: OK
[run_book]   limit book_worst_month_usd: OK
[2026-09-16 08:31:09] book run ok
[2026-09-16 08:31:09] capturing broker executions (TWS forgets these at its daily restart)
API connection failed: TimeoutError()
Traceback (most recent call last):
  File "/opt/anaconda3/lib/python3.13/asyncio/tasks.py", line 507, in wait_for
    return await fut
           ^^^^^^^^^
asyncio.exceptions.CancelledError

The above exception was the direct cause of the following exception:

Traceback (most recent call last):
  File "<frozen runpy>", line 198, in _run_module_as_main
  File "<frozen runpy>", line 88, in _run_code
  File "/Users/simonjarvis/prod/QUANTT/ops/capture_fills.py", line 586, in <module>
    sys.exit(main())
             ~~~~^^
  File "/Users/simonjarvis/prod/QUANTT/ops/capture_fills.py", line 576, in main
    capture(a.book, a.books_root, client_id=a.client_id, asof=a.asof)
    ~~~~~~~^^^^^^^^^^^^^^^^^^^^^^^^^^^^^^^^^^^^^^^^^^^^^^^^^^^^^^^^^^
  File "/Users/simonjarvis/prod/QUANTT/ops/capture_fills.py", line 110, in capture
    app.connect(cfg.host, int(cfg.port),
    ~~~~~~~~~~~^^^^^^^^^^^^^^^^^^^^^^^^^
                clientId=int(client_id or (cfg.client_id + 50)),
                ^^^^^^^^^^^^^^^^^^^^^^^^^^^^^^^^^^^^^^^^^^^^^^^^
                readonly=True, timeout=30)
                ^^^^^^^^^^^^^^^^^^^^^^^^^^
  File "/opt/anaconda3/lib/python3.13/site-packages/ib_async/ib.py", line 369, in connect
    return self._run(
           ~~~~~~~~~^
        self.connectAsync(
        ^^^^^^^^^^^^^^^^^^
    ...<8 lines>...
        )
        ^
    )
    ^
  File "/opt/anaconda3/lib/python3.13/site-packages/ib_async/ib.py", line 428, in _run
    return util.run(*awaitables, timeout=self.RequestTimeout)
           ~~~~~~~~^^^^^^^^^^^^^^^^^^^^^^^^^^^^^^^^^^^^^^^^^^
  File "/opt/anaconda3/lib/python3.13/site-packages/ib_async/util.py", line 360, in run
    result = loop.run_until_complete(task)
  File "/opt/anaconda3/lib/python3.13/asyncio/base_events.py", line 725, in run_until_complete
    return future.result()
           ~~~~~~~~~~~~~^^
  File "/opt/anaconda3/lib/python3.13/site-packages/ib_async/ib.py", line 2043, in connectAsync
    await self.client.connectAsync(host, port, clientId, timeout)
  File "/opt/anaconda3/lib/python3.13/site-packages/ib_async/client.py", line 227, in connectAsync
    await asyncio.wait_for(self.apiStart, timeout)
  File "/opt/anaconda3/lib/python3.13/asyncio/tasks.py", line 506, in wait_for
    async with timeouts.timeout(timeout):
               ~~~~~~~~~~~~~~~~^^^^^^^^^
  File "/opt/anaconda3/lib/python3.13/asyncio/timeouts.py", line 116, in __aexit__
    raise TimeoutError from exc_val
TimeoutError
[2026-09-16 08:31:39] fill capture failed rc=1 (real fills for 2026-09-16 may be lost)
[2026-09-16 08:31:39] done status=ok_not_armed
[2026-09-16 12:00:05] launchd start (job=cef)
2026-09-16 TRADING
[2026-09-16 12:00:05] plan: mode=morning asof=2026-09-15 may_arm=True (today=2026-09-16, prev trading day=2026-09-15)
[2026-09-16 12:00:05] refreshing market data
  12:00 is before the close: any bar dated 2026-09-16 is a partial session and will not be written
$XFCTX: possibly delisted; no price data found  (period=6mo)
  prices 266,999 rows -> 2026-09-15
  NAV    234,178 rows -> 2026-09-15
  all 44 NAV series fresh within 3 bd
  today's pair complete: every deployed name has a close and a NAV dated 2026-09-15
IBKR shortstock file unavailable (HTTPError: HTTP Error 404: Not Found); fees from the API instead
IBKR API FEE_RATE -- 17/17 names (fee dated 2026-09-16)

SYM       fee %  rebate %       avail
-------------------------------------
NEA        4.37        --          --
NAD        3.86        --          --
NVG        3.77        --          --
NZF        2.61        --          --
JFR        1.87        --          --
PTY        1.36        --          --
AWF        1.10        --          --
PCN        0.80        --          --
HYT        0.75        --          --
PHK        0.74        --          --
BIT        0.68        --          --
PDO        0.54        --          --
MQY        0.47        --          --
MHD        0.41        --          --
PDI        0.41        --          --
DSL        0.39        --          --
PFN        0.33        --          --
/Users/simonjarvis/prod/QUANTT/scripts/cef/fetch_borrow_rates.py:211: FutureWarning: The behavior of DataFrame concatenation with empty or all-NA entries is deprecated. In a future version, this will no longer exclude empty or all-NA columns when determining the result dtypes. To retain the old behavior, exclude the relevant entries before the concat operation.
  df = pd.concat([prev, df], ignore_index=True)

wrote data/cef/cef_borrow.csv (2026-09-16)
[2026-09-16 12:09:04] panel scripts/cef/fetch_borrow_rates.py -> rc=0
[preflight] [FAIL] halt: ops/HALT_cef_discount_paper.md is active (2026-09-15 08:39:04: shadow ledger desync in cef_discount @ 2026-09-14) — blocks THIS book (cef_discount_paper). Clear with ops.halt.clear_halt('...', book='cef_discount_paper') once genuinely fixed.
[preflight] [WARN] halt[benchmarks_paper]: benchmarks_paper is halted (2026-09-14 17:25:10: shadow ledger desync in bench_b3_agg @ 2026-09-14). That book is not trading; this one is unaffected.
[preflight] [WARN] halt[phase0_null]: phase0_null is halted (2026-09-10 16:04:42: CORRECTION to the entry below: $168,790.60 is ledger overclaim (rebuild, no position call); only LQD's $89,841.18 is unattributed. Total $260,418.10 unchanged. Block unchanged.). That book is not trading; this one is unaffected.
[preflight] [PASS] costs: all 17 deployed ticker(s) priced
[preflight] [PASS] cost_drift: static costs still match the model
[preflight] [PASS] data: prices -> 2026-09-15 (0bd); NAV -> 2026-09-15 (0bd)
[preflight] [PASS] heartbeat: last beat 2026-09-16 (ok_not_armed)
[preflight] [PASS] phantom_books: no dead books claiming symbols
[preflight] [PASS] broker: TWS/Gateway listening on 127.0.0.1:4002
[preflight] [PASS] margin: cushion 0.187, gross/NLV 1.97x, excess liquidity 186,101
[2026-09-16 12:09:11] NOT ARMED -> dry run in /Users/simonjarvis/prod/QUANTT/ops/books/_dryruns/cef. Reason: [FAIL] halt: ops/HALT_cef_discount_paper.md is active (2026-09-15 08:39:04: shadow ledger desync in cef_discount @ 2026-09-14) — blocks THIS book (cef_discount_paper). Clear with ops.halt.clear_halt('...', book='cef_discount_paper') once genuinely fixed.
[run_book] EXECUTION=simulator single day asof=2026-09-15
[dry-run] cef_discount: SHORT AWF                      w=-0.0107895 held=1743  (cef discount z=-1.13 w=-0.0108 volscal=1.66)
[dry-run] cef_discount: LONG  BIT                      qty=8137     held=8137  (cef band hold: |gap|<=0.0480 w=+0.1870)
[dry-run] cef_discount: LONG  DSL                      qty=3723     held=3723  (cef band hold: |gap|<=0.0480 w=+0.0763)
[dry-run] cef_discount: LONG  HYT                      w=0.0612845  held=4598  (cef discount z=-1.81 w=+0.0613 volscal=1.66)
[dry-run] cef_discount: SHORT JFR                      w=-0.071254  held=-3234  (cef discount z=-0.55 w=-0.0713 volscal=1.66)
[dry-run] cef_discount: SHORT MHD                      w=-0.149     held=-5862  (cef discount z=+0.19 w=-0.1490 volscal=1.66)
[dry-run] cef_discount: SHORT MQY                      w=-0.0255762 held=-2089  (cef discount z=-1.90 w=-0.0256 volscal=1.66)
[dry-run] cef_discount: SHORT NAD                      w=-0.116768  held=-8129  (cef discount z=-1.03 w=-0.1168 volscal=1.66)
[dry-run] cef_discount: SHORT NEA                      w=-0.159682  held=-7319  (cef discount z=+0.29 w=-0.1597 volscal=1.66)
[dry-run] cef_discount: SHORT NVG                      qty=-4852    held=-4852  (cef band hold: |gap|<=0.0480 w=-0.1095)
[dry-run] cef_discount: SHORT NZF                      w=-0.0642903 held=-4533  (cef discount z=-1.53 w=-0.0643 volscal=1.66)
[dry-run] cef_discount: LONG  PCN                      qty=2120     held=2120  (cef band hold: |gap|<=0.0480 w=+0.0475)
[dry-run] cef_discount: LONG  PDI                      qty=4102     held=4102  (cef band hold: |gap|<=0.0480 w=+0.1169)
[dry-run] cef_discount: LONG  PDO                      qty=6099     held=6099  (cef band hold: |gap|<=0.0480 w=+0.1458)
[dry-run] cef_discount: LONG  PFN                      w=0.0558273  held=559  (cef discount z=-2.67 w=+0.0558 volscal=1.66)
[dry-run] cef_discount: LONG  PHK                      w=0.0745426  held=6392  (cef discount z=-2.85 w=+0.0745 volscal=1.66)
[dry-run] cef_discount: LONG  PTY                      w=0.013145   held=2084  (cef discount z=-1.35 w=+0.0131 volscal=1.66)

[run_book] DRY-RUN asof 2026-09-15: 17 targets across 1 sleeve-days logged to /Users/simonjarvis/prod/QUANTT/ops/books/_dryruns/cef/dryrun_2026-09-15.json — NO orders transmitted, NO ledger writes.

[run_book] BOOK asof 2026-09-15  NAV $500,000.00  PnL $0.00  turnover $0  gross $813,682
[run_book]   cef_discount: NAV $500,000.00  verdict OK  enabled
[run_book]   limit max_gross_exposure_usd: OK
[run_book]   limit book_drawdown_suspend_pct: OK
[run_book]   limit per_sleeve_capital_band: OK
[run_book]   limit book_worst_month_usd: OK
[2026-09-16 12:09:13] book run ok
[2026-09-16 12:09:13] capturing broker executions (TWS forgets these at its daily restart)
[capture] 0 execution(s) in the TWS session
[capture]   cef_discount: 0 new -> /Users/simonjarvis/prod/QUANTT/ops/books/cef_live/_ibkr_shadow/cef_discount/broker_fills.csv
[capture]   0 already recorded (skipped), 0 belonged to another book (ignored)
[slippage] cef_discount: no overlapping fill dates yet
[2026-09-16 12:09:14] done status=ok_not_armed
