[2026-09-15 17:30:04] launchd start (job=cef_pm)
2026-09-15 TRADING
[2026-09-15 17:30:04] plan: mode=evening asof=2026-09-15 may_arm=True (today=2026-09-15, prev trading day=2026-09-14)
[2026-09-15 17:30:04] plan: no armed session today - falling back to the evening NAV wait
[2026-09-15 17:30:04] waiting for today's NAV on every deployed name (deadline 23:30)
waiting for NAV dated 2026-09-15 on 17 deployed names; deadline 23:30, poll every 900s
[17:30:05] yfinance NAV 0/17  cefconnect NAV 0/17  close 0/17  missing on yfinance: AWF BIT DSL HYT JFR MHD MQY NAD NEA NVG NZF PCN PDI PDO PFN PHK PTY  missing on cefconnect: AWF BIT DSL HYT JFR MHD MQY NAD NEA NVG NZF PCN PDI PDO PFN PHK PTY
[17:45:08] yfinance NAV 0/17  cefconnect NAV 0/17  close 0/17  missing on yfinance: AWF BIT DSL HYT JFR MHD MQY NAD NEA NVG NZF PCN PDI PDO PFN PHK PTY  missing on cefconnect: AWF BIT DSL HYT JFR MHD MQY NAD NEA NVG NZF PCN PDI PDO PFN PHK PTY
[18:00:10] yfinance NAV 0/17  cefconnect NAV 0/17  close 0/17  missing on yfinance: AWF BIT DSL HYT JFR MHD MQY NAD NEA NVG NZF PCN PDI PDO PFN PHK PTY  missing on cefconnect: AWF BIT DSL HYT JFR MHD MQY NAD NEA NVG NZF PCN PDI PDO PFN PHK PTY
[18:15:12] yfinance NAV 0/17  cefconnect NAV 0/17  close 0/17  missing on yfinance: AWF BIT DSL HYT JFR MHD MQY NAD NEA NVG NZF PCN PDI PDO PFN PHK PTY  missing on cefconnect: AWF BIT DSL HYT JFR MHD MQY NAD NEA NVG NZF PCN PDI PDO PFN PHK PTY
[18:30:15] yfinance NAV 0/17  cefconnect NAV 0/17  close 0/17  missing on yfinance: AWF BIT DSL HYT JFR MHD MQY NAD NEA NVG NZF PCN PDI PDO PFN PHK PTY  missing on cefconnect: AWF BIT DSL HYT JFR MHD MQY NAD NEA NVG NZF PCN PDI PDO PFN PHK PTY
[18:45:17] yfinance NAV 0/17  cefconnect NAV 0/17  close 0/17  missing on yfinance: AWF BIT DSL HYT JFR MHD MQY NAD NEA NVG NZF PCN PDI PDO PFN PHK PTY  missing on cefconnect: AWF BIT DSL HYT JFR MHD MQY NAD NEA NVG NZF PCN PDI PDO PFN PHK PTY
[19:00:20] yfinance NAV 0/17  cefconnect NAV 0/17  close 0/17  missing on yfinance: AWF BIT DSL HYT JFR MHD MQY NAD NEA NVG NZF PCN PDI PDO PFN PHK PTY  missing on cefconnect: AWF BIT DSL HYT JFR MHD MQY NAD NEA NVG NZF PCN PDI PDO PFN PHK PTY
[19:15:22] yfinance NAV 0/17  cefconnect NAV 0/17  close 0/17  missing on yfinance: AWF BIT DSL HYT JFR MHD MQY NAD NEA NVG NZF PCN PDI PDO PFN PHK PTY  missing on cefconnect: AWF BIT DSL HYT JFR MHD MQY NAD NEA NVG NZF PCN PDI PDO PFN PHK PTY
[19:30:24] yfinance NAV 0/17  cefconnect NAV 0/17  close 0/17  missing on yfinance: AWF BIT DSL HYT JFR MHD MQY NAD NEA NVG NZF PCN PDI PDO PFN PHK PTY  missing on cefconnect: AWF BIT DSL HYT JFR MHD MQY NAD NEA NVG NZF PCN PDI PDO PFN PHK PTY
[19:45:27] yfinance NAV 0/17  cefconnect NAV 0/17  close 0/17  missing on yfinance: AWF BIT DSL HYT JFR MHD MQY NAD NEA NVG NZF PCN PDI PDO PFN PHK PTY  missing on cefconnect: AWF BIT DSL HYT JFR MHD MQY NAD NEA NVG NZF PCN PDI PDO PFN PHK PTY
[20:00:29] yfinance NAV 0/17  cefconnect NAV 0/17  close 0/17  missing on yfinance: AWF BIT DSL HYT JFR MHD MQY NAD NEA NVG NZF PCN PDI PDO PFN PHK PTY  missing on cefconnect: AWF BIT DSL HYT JFR MHD MQY NAD NEA NVG NZF PCN PDI PDO PFN PHK PTY
[20:15:31] yfinance NAV 0/17  cefconnect NAV 0/17  close 0/17  missing on yfinance: AWF BIT DSL HYT JFR MHD MQY NAD NEA NVG NZF PCN PDI PDO PFN PHK PTY  missing on cefconnect: AWF BIT DSL HYT JFR MHD MQY NAD NEA NVG NZF PCN PDI PDO PFN PHK PTY
[20:30:34] yfinance NAV 0/17  cefconnect NAV 0/17  close 0/17  missing on yfinance: AWF BIT DSL HYT JFR MHD MQY NAD NEA NVG NZF PCN PDI PDO PFN PHK PTY  missing on cefconnect: AWF BIT DSL HYT JFR MHD MQY NAD NEA NVG NZF PCN PDI PDO PFN PHK PTY
$XAWFX: possibly delisted; no price data found  (period=5d)
$XBITX: possibly delisted; no price data found  (period=5d)
$XDSLX: possibly delisted; no price data found  (period=5d)
$XHYTX: possibly delisted; no price data found  (period=5d)
$XJFRX: possibly delisted; no price data found  (period=5d)
$XMHDX: possibly delisted; no price data found  (period=5d)
$XMQYX: possibly delisted; no price data found  (period=5d)
$XNADX: possibly delisted; no price data found  (period=5d)
$XNEAX: possibly delisted; no price data found  (period=5d)
$XNVGX: possibly delisted; no price data found  (period=5d)
$XNZFX: possibly delisted; no price data found  (period=5d)
$XPCNX: possibly delisted; no price data found  (period=5d)
$XPDIX: possibly delisted; no price data found  (period=5d)
$XPDOX: possibly delisted; no price data found  (period=5d)
$XPFNX: possibly delisted; no price data found  (period=5d)
$XPHKX: possibly delisted; no price data found  (period=5d)
$XPTYX: possibly delisted; no price data found  (period=5d)
[20:45:36] yfinance NAV 0/17  cefconnect NAV 0/17  close 0/17  missing on yfinance: AWF BIT DSL HYT JFR MHD MQY NAD NEA NVG NZF PCN PDI PDO PFN PHK PTY  missing on cefconnect: AWF BIT DSL HYT JFR MHD MQY NAD NEA NVG NZF PCN PDI PDO PFN PHK PTY
[21:04:06] yfinance NAV 0/17  cefconnect NAV 0/17  close 0/17  missing on yfinance: AWF BIT DSL HYT JFR MHD MQY NAD NEA NVG NZF PCN PDI PDO PFN PHK PTY  missing on cefconnect: AWF BIT DSL HYT JFR MHD MQY NAD NEA NVG NZF PCN PDI PDO PFN PHK PTY
[21:19:08] yfinance NAV 0/17  cefconnect NAV 0/17  close 0/17  missing on yfinance: AWF BIT DSL HYT JFR MHD MQY NAD NEA NVG NZF PCN PDI PDO PFN PHK PTY  missing on cefconnect: AWF BIT DSL HYT JFR MHD MQY NAD NEA NVG NZF PCN PDI PDO PFN PHK PTY
[21:34:10] yfinance NAV 0/17  cefconnect NAV 0/17  close 0/17  missing on yfinance: AWF BIT DSL HYT JFR MHD MQY NAD NEA NVG NZF PCN PDI PDO PFN PHK PTY  missing on cefconnect: AWF BIT DSL HYT JFR MHD MQY NAD NEA NVG NZF PCN PDI PDO PFN PHK PTY
[21:49:12] yfinance NAV 0/17  cefconnect NAV 0/17  close 0/17  missing on yfinance: AWF BIT DSL HYT JFR MHD MQY NAD NEA NVG NZF PCN PDI PDO PFN PHK PTY  missing on cefconnect: AWF BIT DSL HYT JFR MHD MQY NAD NEA NVG NZF PCN PDI PDO PFN PHK PTY
[22:04:15] yfinance NAV 0/17  cefconnect NAV 0/17  close 0/17  missing on yfinance: AWF BIT DSL HYT JFR MHD MQY NAD NEA NVG NZF PCN PDI PDO PFN PHK PTY  missing on cefconnect: AWF BIT DSL HYT JFR MHD MQY NAD NEA NVG NZF PCN PDI PDO PFN PHK PTY
[22:19:17] yfinance NAV 0/17  cefconnect NAV 0/17  close 0/17  missing on yfinance: AWF BIT DSL HYT JFR MHD MQY NAD NEA NVG NZF PCN PDI PDO PFN PHK PTY  missing on cefconnect: AWF BIT DSL HYT JFR MHD MQY NAD NEA NVG NZF PCN PDI PDO PFN PHK PTY
[22:34:19] yfinance NAV 17/17  cefconnect NAV 0/17  close 17/17  missing on cefconnect: AWF BIT DSL HYT JFR MHD MQY NAD NEA NVG NZF PCN PDI PDO PFN PHK PTY
today's pair is complete on yfinance at 22:34 (first NAV seen 22:34, last 22:34)
[2026-09-15 22:34:24] today's NAV is published (yfinance) at 22:34
[2026-09-15 22:34:24] refreshing market data
$XFCTX: possibly delisted; no price data found  (period=6mo)
  prices 266,999 rows -> 2026-09-15
  NAV    234,178 rows -> 2026-09-15
  all 44 NAV series fresh within 3 bd
  today's pair complete: every deployed name has a close and a NAV dated 2026-09-15
IBKR shortstock file unavailable (HTTPError: HTTP Error 404: Not Found); fees from the API instead
IBKR API FEE_RATE -- 17/17 names (fee dated 2026-09-15)

SYM       fee %  rebate %       avail
-------------------------------------
NAD       10.44        --          --
NEA        4.14        --          --
NVG        3.87        --          --
NZF        2.64        --          --
JFR        1.89        --          --
PTY        1.36        --          --
AWF        1.11        --          --
PFN        0.93        --          --
BIT        0.83        --          --
PHK        0.76        --          --
PCN        0.72        --          --
PDI        0.68        --          --
PDO        0.59        --          --
HYT        0.48        --          --
MHD        0.42        --          --
MQY        0.39        --          --
DSL        0.31        --          --
/Users/simonjarvis/prod/QUANTT/scripts/cef/fetch_borrow_rates.py:211: FutureWarning: The behavior of DataFrame concatenation with empty or all-NA entries is deprecated. In a future version, this will no longer exclude empty or all-NA columns when determining the result dtypes. To retain the old behavior, exclude the relevant entries before the concat operation.
  df = pd.concat([prev, df], ignore_index=True)

wrote data/cef/cef_borrow.csv (2026-09-15)
[2026-09-15 22:43:18] panel scripts/cef/fetch_borrow_rates.py -> rc=0
[preflight] [FAIL] halt: ops/HALT_cef_discount_paper.md is active (2026-09-15 08:39:04: shadow ledger desync in cef_discount @ 2026-09-14) — blocks THIS book (cef_discount_paper). Clear with ops.halt.clear_halt('...', book='cef_discount_paper') once genuinely fixed.
[preflight] [WARN] halt[benchmarks_paper]: benchmarks_paper is halted (2026-09-14 17:25:10: shadow ledger desync in bench_b3_agg @ 2026-09-14). That book is not trading; this one is unaffected.
[preflight] [WARN] halt[phase0_null]: phase0_null is halted (2026-09-10 16:04:42: CORRECTION to the entry below: $168,790.60 is ledger overclaim (rebuild, no position call); only LQD's $89,841.18 is unattributed. Total $260,418.10 unchanged. Block unchanged.). That book is not trading; this one is unaffected.
[preflight] [PASS] costs: all 17 deployed ticker(s) priced
[preflight] [PASS] cost_drift: static costs still match the model
[preflight] [PASS] data: prices -> 2026-09-15 (0bd); NAV -> 2026-09-15 (0bd)
[preflight] [PASS] heartbeat: last beat 2026-09-14 (ok_not_armed)
[preflight] [PASS] phantom_books: no dead books claiming symbols
[2026-09-15 22:43:22] DRY_RUN=1 in the job env - human hard halt, computing targets only
[2026-09-15 22:43:22] NOT ARMED -> dry run in /Users/simonjarvis/prod/QUANTT/ops/books/_dryruns/cef_pm. Reason: human halt (DRY_RUN=1)
[run_book] EXECUTION=simulator single day asof=2026-09-15
[dry-run] cef_discount: SHORT AWF                      w=-0.0107895 held=0  (cef discount z=-1.13 w=-0.0108 volscal=1.66)
[dry-run] cef_discount: LONG  BIT                      w=0.114375   held=0  (cef discount z=-3.23 w=+0.1144 volscal=1.66)
[dry-run] cef_discount: LONG  DSL                      w=0.0560679  held=0  (cef discount z=-2.67 w=+0.0561 volscal=1.66)
[dry-run] cef_discount: FLAT  HYT                                   held=0  (cef: below min weight)
[dry-run] cef_discount: SHORT JFR                      w=-0.071254  held=0  (cef discount z=-0.55 w=-0.0713 volscal=1.66)
[dry-run] cef_discount: SHORT MHD                      w=-0.149     held=0  (cef discount z=+0.19 w=-0.1490 volscal=1.66)
[dry-run] cef_discount: FLAT  MQY                                   held=0  (cef: below min weight)
[dry-run] cef_discount: SHORT NAD                      w=-0.0207679 held=0  (cef discount z=-1.03 w=-0.0208 volscal=1.66)
[dry-run] cef_discount: SHORT NEA                      w=-0.159682  held=0  (cef discount z=+0.29 w=-0.1597 volscal=1.66)
[dry-run] cef_discount: SHORT NVG                      w=-0.07793   held=0  (cef discount z=-0.49 w=-0.0779 volscal=1.66)
[dry-run] cef_discount: FLAT  NZF                                   held=0  (cef: below min weight)
[dry-run] cef_discount: FLAT  PCN                                   held=0  (cef: below min weight)
[dry-run] cef_discount: LONG  PDI                      w=0.0711936  held=0  (cef discount z=-2.82 w=+0.0712 volscal=1.66)
[dry-run] cef_discount: LONG  PDO                      w=0.132854   held=0  (cef discount z=-3.40 w=+0.1329 volscal=1.66)
[dry-run] cef_discount: LONG  PFN                      w=0.0558273  held=0  (cef discount z=-2.67 w=+0.0558 volscal=1.66)
[dry-run] cef_discount: LONG  PHK                      w=0.0745426  held=0  (cef discount z=-2.85 w=+0.0745 volscal=1.66)
[dry-run] cef_discount: FLAT  PTY                                   held=0  (cef: below min weight)

[run_book] DRY-RUN asof 2026-09-15: 17 targets across 1 sleeve-days logged to /Users/simonjarvis/prod/QUANTT/ops/books/_dryruns/cef_pm/dryrun_2026-09-15.json — NO orders transmitted, NO ledger writes.

[run_book] BOOK asof 2026-09-15  NAV $0.00  PnL $0.00  turnover $0  gross $0
[run_book]   cef_discount: NAV n/a  verdict OK  enabled
[run_book]   limit max_gross_exposure_usd: OK
[run_book]   limit per_sleeve_capital_band: OK
[run_book]   limit book_worst_month_usd: OK
[2026-09-15 22:43:23] book run ok
[2026-09-15 22:43:23] capturing broker executions (TWS forgets these at its daily restart)
[capture] 4 execution(s) in the TWS session
[capture]   cef_discount: 0 new -> /Users/simonjarvis/prod/QUANTT/ops/books/cef_live/_ibkr_shadow/cef_discount/broker_fills.csv
[capture]   4 already recorded (skipped), 0 belonged to another book (ignored)
[slippage] cef_discount: no overlapping fill dates yet
[2026-09-15 22:43:24] done status=ok_not_armed
