[2026-09-21 17:30:05] launchd start (job=cef_pm)
2026-09-21 TRADING
[2026-09-21 17:30:05] plan: mode=evening asof=2026-09-21 may_arm=True (today=2026-09-21, prev trading day=2026-09-18)
[2026-09-21 17:30:05] plan: no armed session today - falling back to the evening NAV wait
[2026-09-21 17:30:05] waiting for today's NAV on every deployed name (deadline 23:30)
waiting for NAV dated 2026-09-21 on 17 deployed names; deadline 23:30, poll every 900s
[17:30:05] yfinance NAV 0/17  cefconnect NAV 0/17  close 0/17  missing on yfinance: AWF BIT DSL HYT JFR MHD MQY NAD NEA NVG NZF PCN PDI PDO PFN PHK PTY  missing on cefconnect: AWF BIT DSL HYT JFR MHD MQY NAD NEA NVG NZF PCN PDI PDO PFN PHK PTY
[17:45:07] yfinance NAV 0/17  cefconnect NAV 0/17  close 0/17  missing on yfinance: AWF BIT DSL HYT JFR MHD MQY NAD NEA NVG NZF PCN PDI PDO PFN PHK PTY  missing on cefconnect: AWF BIT DSL HYT JFR MHD MQY NAD NEA NVG NZF PCN PDI PDO PFN PHK PTY
[18:00:08] yfinance NAV 0/17  cefconnect NAV 0/17  close 0/17  missing on yfinance: AWF BIT DSL HYT JFR MHD MQY NAD NEA NVG NZF PCN PDI PDO PFN PHK PTY  missing on cefconnect: AWF BIT DSL HYT JFR MHD MQY NAD NEA NVG NZF PCN PDI PDO PFN PHK PTY
[18:15:10] yfinance NAV 0/17  cefconnect NAV 0/17  close 0/17  missing on yfinance: AWF BIT DSL HYT JFR MHD MQY NAD NEA NVG NZF PCN PDI PDO PFN PHK PTY  missing on cefconnect: AWF BIT DSL HYT JFR MHD MQY NAD NEA NVG NZF PCN PDI PDO PFN PHK PTY
[18:30:11] yfinance NAV 0/17  cefconnect NAV 0/17  close 0/17  missing on yfinance: AWF BIT DSL HYT JFR MHD MQY NAD NEA NVG NZF PCN PDI PDO PFN PHK PTY  missing on cefconnect: AWF BIT DSL HYT JFR MHD MQY NAD NEA NVG NZF PCN PDI PDO PFN PHK PTY
[18:45:13] yfinance NAV 0/17  cefconnect NAV 0/17  close 0/17  missing on yfinance: AWF BIT DSL HYT JFR MHD MQY NAD NEA NVG NZF PCN PDI PDO PFN PHK PTY  missing on cefconnect: AWF BIT DSL HYT JFR MHD MQY NAD NEA NVG NZF PCN PDI PDO PFN PHK PTY
[19:00:15] yfinance NAV 0/17  cefconnect NAV 0/17  close 0/17  missing on yfinance: AWF BIT DSL HYT JFR MHD MQY NAD NEA NVG NZF PCN PDI PDO PFN PHK PTY  missing on cefconnect: AWF BIT DSL HYT JFR MHD MQY NAD NEA NVG NZF PCN PDI PDO PFN PHK PTY
[19:15:16] yfinance NAV 0/17  cefconnect NAV 0/17  close 0/17  missing on yfinance: AWF BIT DSL HYT JFR MHD MQY NAD NEA NVG NZF PCN PDI PDO PFN PHK PTY  missing on cefconnect: AWF BIT DSL HYT JFR MHD MQY NAD NEA NVG NZF PCN PDI PDO PFN PHK PTY
[19:30:18] yfinance NAV 0/17  cefconnect NAV 0/17  close 0/17  missing on yfinance: AWF BIT DSL HYT JFR MHD MQY NAD NEA NVG NZF PCN PDI PDO PFN PHK PTY  missing on cefconnect: AWF BIT DSL HYT JFR MHD MQY NAD NEA NVG NZF PCN PDI PDO PFN PHK PTY
[19:45:20] yfinance NAV 0/17  cefconnect NAV 0/17  close 0/17  missing on yfinance: AWF BIT DSL HYT JFR MHD MQY NAD NEA NVG NZF PCN PDI PDO PFN PHK PTY  missing on cefconnect: AWF BIT DSL HYT JFR MHD MQY NAD NEA NVG NZF PCN PDI PDO PFN PHK PTY
[20:00:22] yfinance NAV 0/17  cefconnect NAV 0/17  close 0/17  missing on yfinance: AWF BIT DSL HYT JFR MHD MQY NAD NEA NVG NZF PCN PDI PDO PFN PHK PTY  missing on cefconnect: AWF BIT DSL HYT JFR MHD MQY NAD NEA NVG NZF PCN PDI PDO PFN PHK PTY
$XAWFX: possibly delisted; no price data found  (period=5d)
$XBITX: possibly delisted; no price data found  (period=5d)
$XDSLX: possibly delisted; no price data found  (period=5d)
$XHYTX: possibly delisted; no price data found  (period=5d)
$XJFRX: possibly delisted; no price data found  (period=5d)
$XMHDX: possibly delisted; no price data found  (period=5d)
$XMQYX: possibly delisted; no price data found  (period=5d)
$XNADX: possibly delisted; no price data found  (period=5d)
$XNEAX: possibly delisted; no price data found  (period=5d)
$XNVGX: possibly delisted; no price data found  (period=5d)
$XNZFX: possibly delisted; no price data found  (period=5d)
$XPCNX: possibly delisted; no price data found  (period=5d)
$XPDIX: possibly delisted; no price data found  (period=5d)
$XPDOX: possibly delisted; no price data found  (period=5d)
$XPFNX: possibly delisted; no price data found  (period=5d)
$XPHKX: possibly delisted; no price data found  (period=5d)
$XPTYX: possibly delisted; no price data found  (period=5d)
[20:15:23] yfinance NAV 0/17  cefconnect NAV 0/17  close 0/17  missing on yfinance: AWF BIT DSL HYT JFR MHD MQY NAD NEA NVG NZF PCN PDI PDO PFN PHK PTY  missing on cefconnect: AWF BIT DSL HYT JFR MHD MQY NAD NEA NVG NZF PCN PDI PDO PFN PHK PTY
$XAWFX: possibly delisted; no price data found  (period=5d)
$XBITX: possibly delisted; no price data found  (period=5d)
$XDSLX: possibly delisted; no price data found  (period=5d)
$XHYTX: possibly delisted; no price data found  (period=5d)
$XJFRX: possibly delisted; no price data found  (period=5d)
$XMHDX: possibly delisted; no price data found  (period=5d)
$XMQYX: possibly delisted; no price data found  (period=5d)
$XNADX: possibly delisted; no price data found  (period=5d)
$XNEAX: possibly delisted; no price data found  (period=5d)
$XNVGX: possibly delisted; no price data found  (period=5d)
$XNZFX: possibly delisted; no price data found  (period=5d)
$XPCNX: possibly delisted; no price data found  (period=5d)
$XPDIX: possibly delisted; no price data found  (period=5d)
$XPDOX: possibly delisted; no price data found  (period=5d)
$XPFNX: possibly delisted; no price data found  (period=5d)
$XPHKX: possibly delisted; no price data found  (period=5d)
$XPTYX: possibly delisted; no price data found  (period=5d)
[20:30:23] yfinance NAV 0/17  cefconnect NAV 0/17  close 0/17  missing on yfinance: AWF BIT DSL HYT JFR MHD MQY NAD NEA NVG NZF PCN PDI PDO PFN PHK PTY  missing on cefconnect: AWF BIT DSL HYT JFR MHD MQY NAD NEA NVG NZF PCN PDI PDO PFN PHK PTY
[20:45:23] yfinance NAV 0/17  cefconnect NAV 0/17  close 0/17  missing on yfinance: AWF BIT DSL HYT JFR MHD MQY NAD NEA NVG NZF PCN PDI PDO PFN PHK PTY  missing on cefconnect: AWF BIT DSL HYT JFR MHD MQY NAD NEA NVG NZF PCN PDI PDO PFN PHK PTY
[21:00:25] yfinance NAV 0/17  cefconnect NAV 0/17  close 0/17  missing on yfinance: AWF BIT DSL HYT JFR MHD MQY NAD NEA NVG NZF PCN PDI PDO PFN PHK PTY  missing on cefconnect: AWF BIT DSL HYT JFR MHD MQY NAD NEA NVG NZF PCN PDI PDO PFN PHK PTY
[21:15:27] yfinance NAV 0/17  cefconnect NAV 0/17  close 0/17  missing on yfinance: AWF BIT DSL HYT JFR MHD MQY NAD NEA NVG NZF PCN PDI PDO PFN PHK PTY  missing on cefconnect: AWF BIT DSL HYT JFR MHD MQY NAD NEA NVG NZF PCN PDI PDO PFN PHK PTY
[21:30:30] yfinance NAV 0/17  cefconnect NAV 0/17  close 0/17  missing on yfinance: AWF BIT DSL HYT JFR MHD MQY NAD NEA NVG NZF PCN PDI PDO PFN PHK PTY  missing on cefconnect: AWF BIT DSL HYT JFR MHD MQY NAD NEA NVG NZF PCN PDI PDO PFN PHK PTY
[21:45:32] yfinance NAV 17/17  cefconnect NAV 0/17  close 17/17  missing on cefconnect: AWF BIT DSL HYT JFR MHD MQY NAD NEA NVG NZF PCN PDI PDO PFN PHK PTY
today's pair is complete on yfinance at 21:45 (first NAV seen 21:45, last 21:45)
[2026-09-21 21:45:36] today's NAV is published (yfinance) at 21:45
[2026-09-21 21:45:36] refreshing market data
$XFCTX: possibly delisted; no price data found  (period=6mo)
  prices 267,171 rows -> 2026-09-21
  NAV    234,350 rows -> 2026-09-21
  all 44 NAV series fresh within 3 bd
  today's pair complete: every deployed name has a close and a NAV dated 2026-09-21
IBKR shortstock file unavailable (HTTPError: HTTP Error 404: Not Found); fees from the API instead
IBKR API FEE_RATE -- 17/17 names (fee dated 2026-09-21)

SYM       fee %  rebate %       avail
-------------------------------------
NVG        6.18        --          --
NAD        5.05        --          --
NEA        3.64        --          --
NZF        2.85        --          --
JFR        1.97        --          --
PTY        1.36        --          --
AWF        1.00        --          --
BIT        0.74        --          --
PFN        0.74        --          --
PCN        0.72        --          --
PDO        0.68        --          --
PHK        0.67        --          --
HYT        0.65        --          --
MQY        0.50        --          --
MHD        0.42        --          --
DSL        0.38        --          --
PDI        0.25        --          --
/Users/simonjarvis/prod/QUANTT/scripts/cef/fetch_borrow_rates.py:211: FutureWarning: The behavior of DataFrame concatenation with empty or all-NA entries is deprecated. In a future version, this will no longer exclude empty or all-NA columns when determining the result dtypes. To retain the old behavior, exclude the relevant entries before the concat operation.
  df = pd.concat([prev, df], ignore_index=True)

wrote data/cef/cef_borrow.csv (2026-09-21)
[2026-09-21 21:54:33] panel scripts/cef/fetch_borrow_rates.py -> rc=0
[preflight] [FAIL] halt: ops/HALT_cef_discount_paper.md is active (2026-09-15 08:39:04: shadow ledger desync in cef_discount @ 2026-09-14) — blocks THIS book (cef_discount_paper). Clear with ops.halt.clear_halt('...', book='cef_discount_paper') once genuinely fixed.
[preflight] [WARN] halt[benchmarks_paper]: benchmarks_paper is halted (2026-09-14 17:25:10: shadow ledger desync in bench_b3_agg @ 2026-09-14). That book is not trading; this one is unaffected.
[preflight] [WARN] halt[phase0_null]: phase0_null is halted (2026-09-10 16:04:42: CORRECTION to the entry below: $168,790.60 is ledger overclaim (rebuild, no position call); only LQD's $89,841.18 is unattributed. Total $260,418.10 unchanged. Block unchanged.). That book is not trading; this one is unaffected.
[preflight] [PASS] costs: all 17 deployed ticker(s) priced
[preflight] [PASS] cost_drift: static costs still match the model
[preflight] [PASS] data: prices -> 2026-09-21 (0bd); NAV -> 2026-09-21 (0bd)
[preflight] [PASS] heartbeat: last beat 2026-09-18 (ok_not_armed)
[preflight] [PASS] phantom_books: no dead books claiming symbols
[2026-09-21 21:54:37] DRY_RUN=1 in the job env - human hard halt, computing targets only
[2026-09-21 21:54:37] NOT ARMED -> dry run in /Users/simonjarvis/prod/QUANTT/ops/books/_dryruns/cef_pm. Reason: human halt (DRY_RUN=1)
[run_book] EXECUTION=simulator single day asof=2026-09-21
[dry-run] cef_discount: FLAT  AWF                                   held=0  (cef: below min weight)
[dry-run] cef_discount: LONG  BIT                      w=0.027649   held=0  (cef discount z=-2.40 w=+0.0276 volscal=1.75)
[dry-run] cef_discount: LONG  DSL                      w=0.0477325  held=0  (cef discount z=-2.57 w=+0.0477 volscal=1.75)
[dry-run] cef_discount: FLAT  HYT                                   held=0  (cef: below min weight)
[dry-run] cef_discount: SHORT JFR                      w=-0.136359  held=0  (cef discount z=-0.20 w=-0.1364 volscal=1.75)
[dry-run] cef_discount: SHORT MHD                      w=-0.267579  held=0  (cef discount z=+0.91 w=-0.2676 volscal=1.75)
[dry-run] cef_discount: FLAT  MQY                                   held=0  (cef: below min weight)
[dry-run] cef_discount: LONG  NAD                      w=0.0668229  held=0  (cef discount z=-2.73 w=+0.0668 volscal=1.75)
[dry-run] cef_discount: FLAT  NEA                                   held=0  (cef: below min weight)
[dry-run] cef_discount: SHORT NVG                      w=-0.126056  held=0  (cef discount z=-0.28 w=-0.1261 volscal=1.75)
[dry-run] cef_discount: SHORT NZF                      w=-0.00805739 held=0  (cef discount z=-1.28 w=-0.0081 volscal=1.75)
[dry-run] cef_discount: FLAT  PCN                                   held=0  (cef: below min weight)
[dry-run] cef_discount: LONG  PDI                      w=0.0641194  held=0  (cef discount z=-2.71 w=+0.0641 volscal=1.75)
[dry-run] cef_discount: LONG  PDO                      w=0.095134   held=0  (cef discount z=-2.97 w=+0.0951 volscal=1.75)
[dry-run] cef_discount: LONG  PFN                      w=0.0966055  held=0  (cef discount z=-2.98 w=+0.0966 volscal=1.75)
[dry-run] cef_discount: LONG  PHK                      w=0.102638   held=0  (cef discount z=-3.03 w=+0.1026 volscal=1.75)
[dry-run] cef_discount: SHORT PTY                      w=-0.00918612 held=0  (cef discount z=-1.27 w=-0.0092 volscal=1.75)

[run_book] DRY-RUN asof 2026-09-21: 17 targets across 1 sleeve-days logged to /Users/simonjarvis/prod/QUANTT/ops/books/_dryruns/cef_pm/dryrun_2026-09-21.json — NO orders transmitted, NO ledger writes.

[run_book] BOOK asof 2026-09-21  NAV $0.00  PnL $0.00  turnover $0  gross $0
[run_book]   cef_discount: NAV n/a  verdict OK  enabled
[run_book]   limit max_gross_exposure_usd: OK
[run_book]   limit per_sleeve_capital_band: OK
[run_book]   limit book_worst_month_usd: OK
[2026-09-21 21:54:37] book run ok
[2026-09-21 21:54:37] capturing broker executions (TWS forgets these at its daily restart)
[capture] 0 execution(s) in the TWS session
[capture]   cef_discount: 0 new -> /Users/simonjarvis/prod/QUANTT/ops/books/cef_live/_ibkr_shadow/cef_discount/broker_fills.csv
[capture]   0 already recorded (skipped), 0 belonged to another book (ignored)
[slippage] cef_discount: no overlapping fill dates yet
[2026-09-21 21:54:38] done status=ok_not_armed
