[2026-09-14 17:30:05] launchd start (job=cef_pm)
2026-09-14 TRADING
[2026-09-14 17:30:05] plan: mode=evening asof=2026-09-14 may_arm=True (today=2026-09-14, prev trading day=2026-09-11)
[2026-09-14 17:30:05] plan: no armed session today - falling back to the evening NAV wait
[2026-09-14 17:30:05] waiting for today's NAV on every deployed name (deadline 23:30)
waiting for NAV dated 2026-09-14 on 17 deployed names; deadline 23:30, poll every 900s
[17:30:05] yfinance NAV 0/17  cefconnect NAV 0/17  close 0/17  missing on yfinance: AWF BIT DSL HYT JFR MHD MQY NAD NEA NVG NZF PCN PDI PDO PFN PHK PTY  missing on cefconnect: AWF BIT DSL HYT JFR MHD MQY NAD NEA NVG NZF PCN PDI PDO PFN PHK PTY
[17:45:08] yfinance NAV 0/17  cefconnect NAV 0/17  close 0/17  missing on yfinance: AWF BIT DSL HYT JFR MHD MQY NAD NEA NVG NZF PCN PDI PDO PFN PHK PTY  missing on cefconnect: AWF BIT DSL HYT JFR MHD MQY NAD NEA NVG NZF PCN PDI PDO PFN PHK PTY
[18:00:11] yfinance NAV 0/17  cefconnect NAV 0/17  close 0/17  missing on yfinance: AWF BIT DSL HYT JFR MHD MQY NAD NEA NVG NZF PCN PDI PDO PFN PHK PTY  missing on cefconnect: AWF BIT DSL HYT JFR MHD MQY NAD NEA NVG NZF PCN PDI PDO PFN PHK PTY
[18:15:13] yfinance NAV 0/17  cefconnect NAV 0/17  close 0/17  missing on yfinance: AWF BIT DSL HYT JFR MHD MQY NAD NEA NVG NZF PCN PDI PDO PFN PHK PTY  missing on cefconnect: AWF BIT DSL HYT JFR MHD MQY NAD NEA NVG NZF PCN PDI PDO PFN PHK PTY
[18:30:16] yfinance NAV 0/17  cefconnect NAV 0/17  close 0/17  missing on yfinance: AWF BIT DSL HYT JFR MHD MQY NAD NEA NVG NZF PCN PDI PDO PFN PHK PTY  missing on cefconnect: AWF BIT DSL HYT JFR MHD MQY NAD NEA NVG NZF PCN PDI PDO PFN PHK PTY
[18:45:18] yfinance NAV 0/17  cefconnect NAV 0/17  close 0/17  missing on yfinance: AWF BIT DSL HYT JFR MHD MQY NAD NEA NVG NZF PCN PDI PDO PFN PHK PTY  missing on cefconnect: AWF BIT DSL HYT JFR MHD MQY NAD NEA NVG NZF PCN PDI PDO PFN PHK PTY
[19:00:21] yfinance NAV 0/17  cefconnect NAV 0/17  close 0/17  missing on yfinance: AWF BIT DSL HYT JFR MHD MQY NAD NEA NVG NZF PCN PDI PDO PFN PHK PTY  missing on cefconnect: AWF BIT DSL HYT JFR MHD MQY NAD NEA NVG NZF PCN PDI PDO PFN PHK PTY
[19:15:23] yfinance NAV 0/17  cefconnect NAV 0/17  close 0/17  missing on yfinance: AWF BIT DSL HYT JFR MHD MQY NAD NEA NVG NZF PCN PDI PDO PFN PHK PTY  missing on cefconnect: AWF BIT DSL HYT JFR MHD MQY NAD NEA NVG NZF PCN PDI PDO PFN PHK PTY
[19:30:25] yfinance NAV 0/17  cefconnect NAV 0/17  close 0/17  missing on yfinance: AWF BIT DSL HYT JFR MHD MQY NAD NEA NVG NZF PCN PDI PDO PFN PHK PTY  missing on cefconnect: AWF BIT DSL HYT JFR MHD MQY NAD NEA NVG NZF PCN PDI PDO PFN PHK PTY
[19:45:28] yfinance NAV 0/17  cefconnect NAV 0/17  close 0/17  missing on yfinance: AWF BIT DSL HYT JFR MHD MQY NAD NEA NVG NZF PCN PDI PDO PFN PHK PTY  missing on cefconnect: AWF BIT DSL HYT JFR MHD MQY NAD NEA NVG NZF PCN PDI PDO PFN PHK PTY
[20:00:30] yfinance NAV 0/17  cefconnect NAV 0/17  close 0/17  missing on yfinance: AWF BIT DSL HYT JFR MHD MQY NAD NEA NVG NZF PCN PDI PDO PFN PHK PTY  missing on cefconnect: AWF BIT DSL HYT JFR MHD MQY NAD NEA NVG NZF PCN PDI PDO PFN PHK PTY
[20:15:32] yfinance NAV 0/17  cefconnect NAV 0/17  close 0/17  missing on yfinance: AWF BIT DSL HYT JFR MHD MQY NAD NEA NVG NZF PCN PDI PDO PFN PHK PTY  missing on cefconnect: AWF BIT DSL HYT JFR MHD MQY NAD NEA NVG NZF PCN PDI PDO PFN PHK PTY
[20:30:35] yfinance NAV 0/17  cefconnect NAV 0/17  close 0/17  missing on yfinance: AWF BIT DSL HYT JFR MHD MQY NAD NEA NVG NZF PCN PDI PDO PFN PHK PTY  missing on cefconnect: AWF BIT DSL HYT JFR MHD MQY NAD NEA NVG NZF PCN PDI PDO PFN PHK PTY
[20:45:37] yfinance NAV 0/17  cefconnect NAV 0/17  close 0/17  missing on yfinance: AWF BIT DSL HYT JFR MHD MQY NAD NEA NVG NZF PCN PDI PDO PFN PHK PTY  missing on cefconnect: AWF BIT DSL HYT JFR MHD MQY NAD NEA NVG NZF PCN PDI PDO PFN PHK PTY
[21:00:39] yfinance NAV 0/17  cefconnect NAV 0/17  close 0/17  missing on yfinance: AWF BIT DSL HYT JFR MHD MQY NAD NEA NVG NZF PCN PDI PDO PFN PHK PTY  missing on cefconnect: AWF BIT DSL HYT JFR MHD MQY NAD NEA NVG NZF PCN PDI PDO PFN PHK PTY
[21:15:42] yfinance NAV 0/17  cefconnect NAV 0/17  close 0/17  missing on yfinance: AWF BIT DSL HYT JFR MHD MQY NAD NEA NVG NZF PCN PDI PDO PFN PHK PTY  missing on cefconnect: AWF BIT DSL HYT JFR MHD MQY NAD NEA NVG NZF PCN PDI PDO PFN PHK PTY
[21:30:43] yfinance NAV 0/17  cefconnect NAV 0/17  close 0/17  missing on yfinance: AWF BIT DSL HYT JFR MHD MQY NAD NEA NVG NZF PCN PDI PDO PFN PHK PTY  missing on cefconnect: AWF BIT DSL HYT JFR MHD MQY NAD NEA NVG NZF PCN PDI PDO PFN PHK PTY
[21:45:46] yfinance NAV 17/17  cefconnect NAV 0/17  close 17/17  missing on cefconnect: AWF BIT DSL HYT JFR MHD MQY NAD NEA NVG NZF PCN PDI PDO PFN PHK PTY
today's pair is complete on yfinance at 21:45 (first NAV seen 21:45, last 21:45)
[2026-09-14 21:45:51] today's NAV is published (yfinance) at 21:45
[2026-09-14 21:45:51] refreshing market data
  prices 266,956 rows -> 2026-09-14
  NAV    234,135 rows -> 2026-09-14
  STALE NAV (1 funds, >3 business days old) — the sleeve must not trade these:
    FCT    last NAV 2026-08-06  (27 bd old)
  today's pair complete: every deployed name has a close and a NAV dated 2026-09-14
IBKR shortstock file unavailable (HTTPError: HTTP Error 404: Not Found); fees from the API instead
IBKR API FEE_RATE -- 17/17 names (fee dated 2026-09-14)

SYM       fee %  rebate %       avail
-------------------------------------
NAD       10.34        --          --
NVG        3.74        --          --
NEA        3.72        --          --
NZF        2.52        --          --
JFR        1.79        --          --
PTY        1.33        --          --
AWF        1.11        --          --
PHK        0.90        --          --
PCN        0.80        --          --
BIT        0.66        --          --
MQY        0.58        --          --
PDI        0.54        --          --
PDO        0.49        --          --
HYT        0.48        --          --
MHD        0.42        --          --
DSL        0.35        --          --
PFN        0.33        --          --
/Users/simonjarvis/prod/QUANTT/scripts/cef/fetch_borrow_rates.py:211: FutureWarning: The behavior of DataFrame concatenation with empty or all-NA entries is deprecated. In a future version, this will no longer exclude empty or all-NA columns when determining the result dtypes. To retain the old behavior, exclude the relevant entries before the concat operation.
  df = pd.concat([prev, df], ignore_index=True)

wrote data/cef/cef_borrow.csv (2026-09-14)
[2026-09-14 21:54:47] panel scripts/cef/fetch_borrow_rates.py -> rc=0
[preflight] [PASS] halt: no active halt
[preflight] [WARN] halt[benchmarks_paper]: benchmarks_paper is halted (2026-09-14 17:25:10: shadow ledger desync in bench_b3_agg @ 2026-09-14). That book is not trading; this one is unaffected.
[preflight] [WARN] halt[phase0_null]: phase0_null is halted (2026-09-10 16:04:42: CORRECTION to the entry below: $168,790.60 is ledger overclaim (rebuild, no position call); only LQD's $89,841.18 is unattributed. Total $260,418.10 unchanged. Block unchanged.). That book is not trading; this one is unaffected.
[preflight] [PASS] costs: all 17 deployed ticker(s) priced
[preflight] [PASS] cost_drift: static costs still match the model
[preflight] [PASS] data: prices -> 2026-09-14 (0bd); NAV -> 2026-09-14 (0bd)
[preflight] [PASS] heartbeat: no prior beat (first run)
[preflight] [PASS] phantom_books: no dead books claiming symbols
[2026-09-14 21:54:48] DRY_RUN=1 in the job env - human hard halt, computing targets only
[2026-09-14 21:54:48] NOT ARMED -> dry run in /Users/simonjarvis/prod/QUANTT/ops/books/_dryruns/cef_pm. Reason: human halt (DRY_RUN=1)
[run_book] EXECUTION=simulator single day asof=2026-09-14
[dry-run] cef_discount: FLAT  AWF                                   held=0  (cef: below min weight)
[dry-run] cef_discount: LONG  BIT                      w=0.10326    held=0  (cef discount z=-3.28 w=+0.1033 volscal=1.51)
[dry-run] cef_discount: LONG  DSL                      w=0.0197615  held=0  (cef discount z=-2.26 w=+0.0198 volscal=1.51)
[dry-run] cef_discount: FLAT  HYT                                   held=0  (cef: below min weight)
[dry-run] cef_discount: SHORT JFR                      w=-0.0353306 held=0  (cef discount z=-0.42 w=-0.0353 volscal=1.51)
[dry-run] cef_discount: SHORT MHD                      w=-0.134995  held=0  (cef discount z=+0.79 w=-0.1350 volscal=1.51)
[dry-run] cef_discount: FLAT  MQY                                   held=0  (cef: below min weight)
[dry-run] cef_discount: SHORT NAD                      w=-0.0252645 held=0  (cef discount z=-0.54 w=-0.0253 volscal=1.51)
[dry-run] cef_discount: SHORT NEA                      w=-0.133027  held=0  (cef discount z=+0.77 w=-0.1330 volscal=1.51)
[dry-run] cef_discount: SHORT NVG                      w=-0.0777691 held=0  (cef discount z=+0.10 w=-0.0778 volscal=1.51)
[dry-run] cef_discount: FLAT  NZF                                   held=0  (cef: below min weight)
[dry-run] cef_discount: FLAT  PCN                                   held=0  (cef: below min weight)
[dry-run] cef_discount: LONG  PDI                      w=0.0552617  held=0  (cef discount z=-2.69 w=+0.0553 volscal=1.51)
[dry-run] cef_discount: LONG  PDO                      w=0.113861   held=0  (cef discount z=-3.40 w=+0.1139 volscal=1.51)
[dry-run] cef_discount: LONG  PFN                      w=0.0686516  held=0  (cef discount z=-2.85 w=+0.0687 volscal=1.51)
[dry-run] cef_discount: LONG  PHK                      w=0.0412527  held=0  (cef discount z=-2.52 w=+0.0413 volscal=1.51)
[dry-run] cef_discount: FLAT  PTY                                   held=0  (cef: below min weight)

[run_book] DRY-RUN asof 2026-09-14: 17 targets across 1 sleeve-days logged to /Users/simonjarvis/prod/QUANTT/ops/books/_dryruns/cef_pm/dryrun_2026-09-14.json — NO orders transmitted, NO ledger writes.

[run_book] BOOK asof 2026-09-14  NAV $0.00  PnL $0.00  turnover $0  gross $0
[run_book]   cef_discount: NAV n/a  verdict OK  enabled
[run_book]   limit max_gross_exposure_usd: OK
[run_book]   limit per_sleeve_capital_band: OK
[run_book]   limit book_worst_month_usd: OK
[2026-09-14 21:54:49] book run ok
[2026-09-14 21:54:49] capturing broker executions (TWS forgets these at its daily restart)
[capture] 7 execution(s) in the TWS session
[capture]   cef_discount: 0 new -> /Users/simonjarvis/prod/QUANTT/ops/books/cef_live/_ibkr_shadow/cef_discount/broker_fills.csv
[capture]   4 already recorded (skipped), 3 belonged to another book (ignored)
[slippage] cef_discount: no overlapping fill dates yet
[2026-09-14 21:54:50] done status=ok_not_armed
