[2026-09-17 17:30:05] launchd start (job=cef_pm)
2026-09-17 TRADING
[2026-09-17 17:30:05] plan: mode=evening asof=2026-09-17 may_arm=True (today=2026-09-17, prev trading day=2026-09-16)
[2026-09-17 17:30:05] plan: no armed session today - falling back to the evening NAV wait
[2026-09-17 17:30:05] waiting for today's NAV on every deployed name (deadline 23:30)
waiting for NAV dated 2026-09-17 on 17 deployed names; deadline 23:30, poll every 900s
[17:30:05] yfinance NAV 0/17  cefconnect NAV 0/17  close 0/17  missing on yfinance: AWF BIT DSL HYT JFR MHD MQY NAD NEA NVG NZF PCN PDI PDO PFN PHK PTY  missing on cefconnect: AWF BIT DSL HYT JFR MHD MQY NAD NEA NVG NZF PCN PDI PDO PFN PHK PTY
[17:45:09] yfinance NAV 0/17  cefconnect NAV 0/17  close 0/17  missing on yfinance: AWF BIT DSL HYT JFR MHD MQY NAD NEA NVG NZF PCN PDI PDO PFN PHK PTY  missing on cefconnect: AWF BIT DSL HYT JFR MHD MQY NAD NEA NVG NZF PCN PDI PDO PFN PHK PTY
[18:00:11] yfinance NAV 0/17  cefconnect NAV 0/17  close 0/17  missing on yfinance: AWF BIT DSL HYT JFR MHD MQY NAD NEA NVG NZF PCN PDI PDO PFN PHK PTY  missing on cefconnect: AWF BIT DSL HYT JFR MHD MQY NAD NEA NVG NZF PCN PDI PDO PFN PHK PTY
[18:15:13] yfinance NAV 0/17  cefconnect NAV 0/17  close 0/17  missing on yfinance: AWF BIT DSL HYT JFR MHD MQY NAD NEA NVG NZF PCN PDI PDO PFN PHK PTY  missing on cefconnect: AWF BIT DSL HYT JFR MHD MQY NAD NEA NVG NZF PCN PDI PDO PFN PHK PTY
[18:30:15] yfinance NAV 0/17  cefconnect NAV 0/17  close 0/17  missing on yfinance: AWF BIT DSL HYT JFR MHD MQY NAD NEA NVG NZF PCN PDI PDO PFN PHK PTY  missing on cefconnect: AWF BIT DSL HYT JFR MHD MQY NAD NEA NVG NZF PCN PDI PDO PFN PHK PTY
[18:45:18] yfinance NAV 0/17  cefconnect NAV 0/17  close 0/17  missing on yfinance: AWF BIT DSL HYT JFR MHD MQY NAD NEA NVG NZF PCN PDI PDO PFN PHK PTY  missing on cefconnect: AWF BIT DSL HYT JFR MHD MQY NAD NEA NVG NZF PCN PDI PDO PFN PHK PTY
[19:00:20] yfinance NAV 0/17  cefconnect NAV 0/17  close 0/17  missing on yfinance: AWF BIT DSL HYT JFR MHD MQY NAD NEA NVG NZF PCN PDI PDO PFN PHK PTY  missing on cefconnect: AWF BIT DSL HYT JFR MHD MQY NAD NEA NVG NZF PCN PDI PDO PFN PHK PTY
[19:15:23] yfinance NAV 0/17  cefconnect NAV 0/17  close 0/17  missing on yfinance: AWF BIT DSL HYT JFR MHD MQY NAD NEA NVG NZF PCN PDI PDO PFN PHK PTY  missing on cefconnect: AWF BIT DSL HYT JFR MHD MQY NAD NEA NVG NZF PCN PDI PDO PFN PHK PTY
[19:30:25] yfinance NAV 0/17  cefconnect NAV 0/17  close 0/17  missing on yfinance: AWF BIT DSL HYT JFR MHD MQY NAD NEA NVG NZF PCN PDI PDO PFN PHK PTY  missing on cefconnect: AWF BIT DSL HYT JFR MHD MQY NAD NEA NVG NZF PCN PDI PDO PFN PHK PTY
[19:45:27] yfinance NAV 0/17  cefconnect NAV 0/17  close 0/17  missing on yfinance: AWF BIT DSL HYT JFR MHD MQY NAD NEA NVG NZF PCN PDI PDO PFN PHK PTY  missing on cefconnect: AWF BIT DSL HYT JFR MHD MQY NAD NEA NVG NZF PCN PDI PDO PFN PHK PTY
[20:00:29] yfinance NAV 0/17  cefconnect NAV 0/17  close 0/17  missing on yfinance: AWF BIT DSL HYT JFR MHD MQY NAD NEA NVG NZF PCN PDI PDO PFN PHK PTY  missing on cefconnect: AWF BIT DSL HYT JFR MHD MQY NAD NEA NVG NZF PCN PDI PDO PFN PHK PTY
[20:15:32] yfinance NAV 0/17  cefconnect NAV 0/17  close 0/17  missing on yfinance: AWF BIT DSL HYT JFR MHD MQY NAD NEA NVG NZF PCN PDI PDO PFN PHK PTY  missing on cefconnect: AWF BIT DSL HYT JFR MHD MQY NAD NEA NVG NZF PCN PDI PDO PFN PHK PTY
[20:30:34] yfinance NAV 0/17  cefconnect NAV 0/17  close 0/17  missing on yfinance: AWF BIT DSL HYT JFR MHD MQY NAD NEA NVG NZF PCN PDI PDO PFN PHK PTY  missing on cefconnect: AWF BIT DSL HYT JFR MHD MQY NAD NEA NVG NZF PCN PDI PDO PFN PHK PTY
[20:45:37] yfinance NAV 0/17  cefconnect NAV 0/17  close 0/17  missing on yfinance: AWF BIT DSL HYT JFR MHD MQY NAD NEA NVG NZF PCN PDI PDO PFN PHK PTY  missing on cefconnect: AWF BIT DSL HYT JFR MHD MQY NAD NEA NVG NZF PCN PDI PDO PFN PHK PTY
[21:00:39] yfinance NAV 0/17  cefconnect NAV 0/17  close 0/17  missing on yfinance: AWF BIT DSL HYT JFR MHD MQY NAD NEA NVG NZF PCN PDI PDO PFN PHK PTY  missing on cefconnect: AWF BIT DSL HYT JFR MHD MQY NAD NEA NVG NZF PCN PDI PDO PFN PHK PTY
[21:15:42] yfinance NAV 0/17  cefconnect NAV 0/17  close 0/17  missing on yfinance: AWF BIT DSL HYT JFR MHD MQY NAD NEA NVG NZF PCN PDI PDO PFN PHK PTY  missing on cefconnect: AWF BIT DSL HYT JFR MHD MQY NAD NEA NVG NZF PCN PDI PDO PFN PHK PTY
[21:30:44] yfinance NAV 0/17  cefconnect NAV 0/17  close 0/17  missing on yfinance: AWF BIT DSL HYT JFR MHD MQY NAD NEA NVG NZF PCN PDI PDO PFN PHK PTY  missing on cefconnect: AWF BIT DSL HYT JFR MHD MQY NAD NEA NVG NZF PCN PDI PDO PFN PHK PTY
[21:45:47] yfinance NAV 0/17  cefconnect NAV 0/17  close 0/17  missing on yfinance: AWF BIT DSL HYT JFR MHD MQY NAD NEA NVG NZF PCN PDI PDO PFN PHK PTY  missing on cefconnect: AWF BIT DSL HYT JFR MHD MQY NAD NEA NVG NZF PCN PDI PDO PFN PHK PTY
[22:00:49] yfinance NAV 0/17  cefconnect NAV 0/17  close 0/17  missing on yfinance: AWF BIT DSL HYT JFR MHD MQY NAD NEA NVG NZF PCN PDI PDO PFN PHK PTY  missing on cefconnect: AWF BIT DSL HYT JFR MHD MQY NAD NEA NVG NZF PCN PDI PDO PFN PHK PTY
[22:15:51] yfinance NAV 0/17  cefconnect NAV 0/17  close 0/17  missing on yfinance: AWF BIT DSL HYT JFR MHD MQY NAD NEA NVG NZF PCN PDI PDO PFN PHK PTY  missing on cefconnect: AWF BIT DSL HYT JFR MHD MQY NAD NEA NVG NZF PCN PDI PDO PFN PHK PTY
[22:30:54] yfinance NAV 17/17  cefconnect NAV 0/17  close 17/17  missing on cefconnect: AWF BIT DSL HYT JFR MHD MQY NAD NEA NVG NZF PCN PDI PDO PFN PHK PTY
today's pair is complete on yfinance at 22:30 (first NAV seen 22:30, last 22:30)
[2026-09-17 22:30:58] today's NAV is published (yfinance) at 22:30
[2026-09-17 22:30:58] refreshing market data
$XFCTX: possibly delisted; no price data found  (period=6mo)
  prices 267,085 rows -> 2026-09-17
  NAV    234,264 rows -> 2026-09-17
  all 44 NAV series fresh within 3 bd
  today's pair complete: every deployed name has a close and a NAV dated 2026-09-17
IBKR shortstock file unavailable (HTTPError: HTTP Error 404: Not Found); fees from the API instead
IBKR API FEE_RATE -- 17/17 names (fee dated 2026-09-17)

SYM       fee %  rebate %       avail
-------------------------------------
NAD        9.42        --          --
NVG        4.04        --          --
NEA        3.74        --          --
NZF        2.98        --          --
JFR        1.81        --          --
PTY        1.32        --          --
AWF        1.10        --          --
BIT        0.93        --          --
PCN        0.82        --          --
PHK        0.72        --          --
PDO        0.63        --          --
HYT        0.55        --          --
PFN        0.50        --          --
MQY        0.44        --          --
DSL        0.44        --          --
MHD        0.41        --          --
PDI        0.31        --          --
/Users/simonjarvis/prod/QUANTT/scripts/cef/fetch_borrow_rates.py:211: FutureWarning: The behavior of DataFrame concatenation with empty or all-NA entries is deprecated. In a future version, this will no longer exclude empty or all-NA columns when determining the result dtypes. To retain the old behavior, exclude the relevant entries before the concat operation.
  df = pd.concat([prev, df], ignore_index=True)

wrote data/cef/cef_borrow.csv (2026-09-17)
[2026-09-17 22:39:55] panel scripts/cef/fetch_borrow_rates.py -> rc=0
[preflight] [FAIL] halt: ops/HALT_cef_discount_paper.md is active (2026-09-15 08:39:04: shadow ledger desync in cef_discount @ 2026-09-14) — blocks THIS book (cef_discount_paper). Clear with ops.halt.clear_halt('...', book='cef_discount_paper') once genuinely fixed.
[preflight] [WARN] halt[benchmarks_paper]: benchmarks_paper is halted (2026-09-14 17:25:10: shadow ledger desync in bench_b3_agg @ 2026-09-14). That book is not trading; this one is unaffected.
[preflight] [WARN] halt[phase0_null]: phase0_null is halted (2026-09-10 16:04:42: CORRECTION to the entry below: $168,790.60 is ledger overclaim (rebuild, no position call); only LQD's $89,841.18 is unattributed. Total $260,418.10 unchanged. Block unchanged.). That book is not trading; this one is unaffected.
[preflight] [PASS] costs: all 17 deployed ticker(s) priced
[preflight] [PASS] cost_drift: static costs still match the model
[preflight] [PASS] data: prices -> 2026-09-17 (0bd); NAV -> 2026-09-17 (0bd)
[preflight] [PASS] heartbeat: last beat 2026-09-16 (ok_not_armed)
[preflight] [PASS] phantom_books: no dead books claiming symbols
[2026-09-17 22:40:01] DRY_RUN=1 in the job env - human hard halt, computing targets only
[2026-09-17 22:40:01] NOT ARMED -> dry run in /Users/simonjarvis/prod/QUANTT/ops/books/_dryruns/cef_pm. Reason: human halt (DRY_RUN=1)
[run_book] EXECUTION=simulator single day asof=2026-09-17
[dry-run] cef_discount: FLAT  AWF                                   held=0  (cef: below min weight)
[dry-run] cef_discount: LONG  BIT                      w=0.104256   held=0  (cef discount z=-2.58 w=+0.1043 volscal=1.59)
[dry-run] cef_discount: LONG  DSL                      w=0.0499693  held=0  (cef discount z=-2.09 w=+0.0500 volscal=1.59)
[dry-run] cef_discount: LONG  HYT                      w=0.0154016  held=0  (cef discount z=-1.77 w=+0.0154 volscal=1.59)
[dry-run] cef_discount: SHORT JFR                      w=-0.0593167 held=0  (cef discount z=-0.21 w=-0.0593 volscal=1.59)
[dry-run] cef_discount: SHORT MHD                      w=-0.055134  held=0  (cef discount z=-0.25 w=-0.0551 volscal=1.59)
[dry-run] cef_discount: FLAT  MQY                                   held=0  (cef: below min weight)
[dry-run] cef_discount: FLAT  NAD                                   held=0  (cef: below min weight)
[dry-run] cef_discount: SHORT NEA                      w=-0.127965  held=0  (cef discount z=+0.42 w=-0.1280 volscal=1.59)
[dry-run] cef_discount: SHORT NVG                      w=-0.14408   held=0  (cef discount z=+0.56 w=-0.1441 volscal=1.59)
[dry-run] cef_discount: SHORT NZF                      w=-0.0608988 held=0  (cef discount z=-0.20 w=-0.0609 volscal=1.59)
[dry-run] cef_discount: FLAT  PCN                                   held=0  (cef: below min weight)
[dry-run] cef_discount: LONG  PDI                      w=0.0687956  held=0  (cef discount z=-2.26 w=+0.0688 volscal=1.59)
[dry-run] cef_discount: LONG  PDO                      w=0.113047   held=0  (cef discount z=-2.66 w=+0.1130 volscal=1.59)
[dry-run] cef_discount: LONG  PFN                      w=0.0669036  held=0  (cef discount z=-2.24 w=+0.0669 volscal=1.59)
[dry-run] cef_discount: LONG  PHK                      w=0.00915174 held=0  (cef discount z=-1.71 w=+0.0092 volscal=1.59)
[dry-run] cef_discount: FLAT  PTY                                   held=0  (cef: below min weight)

[run_book] DRY-RUN asof 2026-09-17: 17 targets across 1 sleeve-days logged to /Users/simonjarvis/prod/QUANTT/ops/books/_dryruns/cef_pm/dryrun_2026-09-17.json — NO orders transmitted, NO ledger writes.

[run_book] BOOK asof 2026-09-17  NAV $0.00  PnL $0.00  turnover $0  gross $0
[run_book]   cef_discount: NAV n/a  verdict OK  enabled
[run_book]   limit max_gross_exposure_usd: OK
[run_book]   limit per_sleeve_capital_band: OK
[run_book]   limit book_worst_month_usd: OK
[2026-09-17 22:40:01] book run ok
[2026-09-17 22:40:01] capturing broker executions (TWS forgets these at its daily restart)
[capture] 0 execution(s) in the TWS session
[capture]   cef_discount: 0 new -> /Users/simonjarvis/prod/QUANTT/ops/books/cef_live/_ibkr_shadow/cef_discount/broker_fills.csv
[capture]   0 already recorded (skipped), 0 belonged to another book (ignored)
[slippage] cef_discount: no overlapping fill dates yet
[2026-09-17 22:40:02] done status=ok_not_armed
