[2026-09-14 08:30:03] launchd start (job=cef)
2026-09-14 TRADING
[2026-09-14 08:30:03] plan: mode=morning asof=2026-09-11 may_arm=True (today=2026-09-14, prev trading day=2026-09-11)
[2026-09-14 08:30:03] refreshing market data
  08:30 is before the close: any bar dated 2026-09-14 is a partial session and will not be written
$AWF: possibly delisted; no price data found  (period=6mo)
$XAWFX: possibly delisted; no price data found  (period=6mo)
$BGB: possibly delisted; no price data found  (period=6mo)
$XBGBX: possibly delisted; no price data found  (period=6mo)
$BGH: possibly delisted; no price data found  (period=6mo)
$XBGHX: possibly delisted; no price data found  (period=6mo)
$BGT: possibly delisted; no price data found  (period=6mo)
$XBGTX: possibly delisted; no price data found  (period=6mo)
$BIT: possibly delisted; no price data found  (period=6mo)
$XBITX: possibly delisted; no price data found  (period=6mo)
$BSL: possibly delisted; no price data found  (period=6mo)
$XBSLX: possibly delisted; no price data found  (period=6mo)
$DBL: possibly delisted; no price data found  (period=6mo)
$XDBLX: possibly delisted; no price data found  (period=6mo)
$DHY: possibly delisted; no price data found  (period=6mo)
$XDHYX: possibly delisted; no price data found  (period=6mo)
$DSL: possibly delisted; no price data found  (period=6mo)
$XDSLX: possibly delisted; no price data found  (period=6mo)
$EAD: possibly delisted; no price data found  (period=6mo)
$XEADX: possibly delisted; no price data found  (period=6mo)
$EDD: possibly delisted; no price data found  (period=6mo)
$XEDDX: possibly delisted; no price data found  (period=6mo)
$EDF: possibly delisted; no price data found  (period=6mo)
$XEDFX: possibly delisted; no price data found  (period=6mo)
$EFR: possibly delisted; no price data found  (period=6mo)
$XEFRX: possibly delisted; no price data found  (period=6mo)
$EFT: possibly delisted; no price data found  (period=6mo)
$XEFTX: possibly delisted; no price data found  (period=6mo)
$EMD: possibly delisted; no price data found  (period=6mo)
$XEMDX: possibly delisted; no price data found  (period=6mo)
$FCT: possibly delisted; no price data found  (period=6mo)
$XFCTX: possibly delisted; no price data found  (period=6mo)
$GHY: possibly delisted; no price data found  (period=6mo)
$XGHYX: possibly delisted; no price data found  (period=6mo)
$HIO: possibly delisted; no price data found  (period=6mo)
$XHIOX: possibly delisted; no price data found  (period=6mo)
$HYT: possibly delisted; no price data found  (period=6mo)
$XHYTX: possibly delisted; no price data found  (period=6mo)
$ISD: possibly delisted; no price data found  (period=6mo)
$XISDX: possibly delisted; no price data found  (period=6mo)
$JFR: possibly delisted; no price data found  (period=6mo)
$XJFRX: possibly delisted; no price data found  (period=6mo)
$MFM: possibly delisted; no price data found  (period=6mo)
$XMFMX: possibly delisted; no price data found  (period=6mo)
$MHD: possibly delisted; no price data found  (period=6mo)
$XMHDX: possibly delisted; no price data found  (period=6mo)
$MQY: possibly delisted; no price data found  (period=6mo)
$XMQYX: possibly delisted; no price data found  (period=6mo)
$MSD: possibly delisted; no price data found  (period=6mo)
$XMSDX: possibly delisted; no price data found  (period=6mo)
$NAD: possibly delisted; no price data found  (period=6mo)
$XNADX: possibly delisted; no price data found  (period=6mo)
$NAN: possibly delisted; no price data found  (period=6mo)
$XNANX: possibly delisted; no price data found  (period=6mo)
$NEA: possibly delisted; no price data found  (period=6mo)
$XNEAX: possibly delisted; no price data found  (period=6mo)
$NIM: possibly delisted; no price data found  (period=6mo)
$XNIMX: possibly delisted; no price data found  (period=6mo)
$NVG: possibly delisted; no price data found  (period=6mo)
$XNVGX: possibly delisted; no price data found  (period=6mo)
$NXP: possibly delisted; no price data found  (period=6mo)
$XNXPX: possibly delisted; no price data found  (period=6mo)
$NZF: possibly delisted; no price data found  (period=6mo)
$XNZFX: possibly delisted; no price data found  (period=6mo)
$PCN: possibly delisted; no price data found  (period=6mo)
$XPCNX: possibly delisted; no price data found  (period=6mo)
$PDI: possibly delisted; no price data found  (period=6mo)
$XPDIX: possibly delisted; no price data found  (period=6mo)
$PDO: possibly delisted; no price data found  (period=6mo)
$XPDOX: possibly delisted; no price data found  (period=6mo)
$PFL: possibly delisted; no price data found  (period=6mo)
$XPFLX: possibly delisted; no price data found  (period=6mo)
$PFN: possibly delisted; no price data found  (period=6mo)
$XPFNX: possibly delisted; no price data found  (period=6mo)
$PHK: possibly delisted; no price data found  (period=6mo)
$XPHKX: possibly delisted; no price data found  (period=6mo)
$PMM: possibly delisted; no price data found  (period=6mo)
$XPMMX: possibly delisted; no price data found  (period=6mo)
$PTY: possibly delisted; no price data found  (period=6mo)
$XPTYX: possibly delisted; no price data found  (period=6mo)
$TEI: possibly delisted; no price data found  (period=6mo)
$XTEIX: possibly delisted; no price data found  (period=6mo)
$VKQ: possibly delisted; no price data found  (period=6mo)
$XVKQX: possibly delisted; no price data found  (period=6mo)
$VMO: possibly delisted; no price data found  (period=6mo)
$XVMOX: possibly delisted; no price data found  (period=6mo)
$VVR: possibly delisted; no price data found  (period=6mo)
$XVVRX: possibly delisted; no price data found  (period=6mo)
  prices 266,913 rows -> 2026-09-11
  NAV    234,092 rows -> 2026-09-11
  all 44 NAV series fresh within 3 bd
  today's pair complete: every deployed name has a close and a NAV dated 2026-09-11
IBKR shortstock file unavailable (URLError: <urlopen error [Errno 8] nodename nor servname provided, or not known>); fees from the API instead
IBKR API FEE_RATE -- 17/17 names (fee dated 2026-09-14)

SYM       fee %  rebate %       avail
-------------------------------------
NAD       10.34        --          --
NVG        3.85        --          --
NEA        3.63        --          --
NZF        2.45        --          --
JFR        1.65        --          --
AWF        1.48        --          --
PTY        1.36        --          --
PHK        0.88        --          --
PDI        0.82        --          --
PCN        0.76        --          --
HYT        0.71        --          --
BIT        0.65        --          --
MQY        0.63        --          --
PDO        0.49        --          --
MHD        0.42        --          --
PFN        0.32        --          --
DSL        0.30        --          --
/Users/simonjarvis/prod/QUANTT/scripts/cef/fetch_borrow_rates.py:211: FutureWarning: The behavior of DataFrame concatenation with empty or all-NA entries is deprecated. In a future version, this will no longer exclude empty or all-NA columns when determining the result dtypes. To retain the old behavior, exclude the relevant entries before the concat operation.
  df = pd.concat([prev, df], ignore_index=True)

wrote data/cef/cef_borrow.csv (2026-09-14)
[2026-09-14 09:50:49] panel scripts/cef/fetch_borrow_rates.py -> rc=0
[preflight] [PASS] halt: no active halt
[preflight] [WARN] halt[phase0_null]: phase0_null is halted (2026-09-10 16:04:42: CORRECTION to the entry below: $168,790.60 is ledger overclaim (rebuild, no position call); only LQD's $89,841.18 is unattributed. Total $260,418.10 unchanged. Block unchanged.). That book is not trading; this one is unaffected.
[preflight] [PASS] costs: all 17 deployed ticker(s) priced
[preflight] [PASS] cost_drift: static costs still match the model
[preflight] [PASS] data: prices -> 2026-09-11 (0bd); NAV -> 2026-09-11 (0bd)
[preflight] [PASS] heartbeat: last beat 2026-09-12 (ok_already_traded)
[preflight] [PASS] phantom_books: no dead books claiming symbols
[preflight] [PASS] broker: TWS/Gateway listening on 127.0.0.1:4002
[preflight] [PASS] margin: cushion 0.166, gross/NLV 2.01x, excess liquidity 164,736
[2026-09-14 09:50:50] ARMED: EXECUTION=ibkr books-root=ops/books/cef_live asof=2026-09-11
[ibkr] arm: account has 34 position(s), 17 belonging to another book (ignored)
[ibkr] arm: ARMED
[run_book] EXECUTION=ibkr single day asof=2026-09-11
[ibkr] pending-order check: nothing resting or recorded pending on 17 instrument(s)
[ibkr] order map migrated to 10 columns (56 existing row(s) kept, new fields blank)
[ibkr] cef_discount @ 2026-09-11: queried after the gateway restart that empties ib.fills(), and no capture completed after the 2026-09-11 close. The ledger will REFUSE to book 2026-09-11 rather than call its orders unexecuted.
[ibkr] cef_discount @ 2026-09-11: execution record holds 0 execution(s) for the ledger to book
/Users/simonjarvis/prod/QUANTT/ops/common.py:302: FutureWarning: The default fill_method='pad' in DataFrame.pct_change is deprecated and will be removed in a future version. Either fill in any non-leading NA values prior to calling pct_change or specify 'fill_method=None' to not fill NA values.
  rets = px.pct_change()
[report] wrote /Users/simonjarvis/prod/QUANTT/ops/books/cef_live/report_2026-09-11.md
[report] wrote /Users/simonjarvis/prod/QUANTT/ops/books/cef_live/target_vs_current.csv

[run_book] BOOK asof 2026-09-11  NAV $500,000.00  PnL $0.00  turnover $0  gross $801,311
[run_book]   cef_discount: NAV $500,000.00  verdict OK  enabled
[run_book]   limit max_gross_exposure_usd: OK
[run_book]   limit book_drawdown_suspend_pct: OK
[run_book]   limit per_sleeve_capital_band: OK
[run_book]   limit book_worst_month_usd: OK
[2026-09-14 09:50:52] book run ok
[2026-09-14 09:50:52] capturing broker executions (TWS forgets these at its daily restart)
[capture] 0 execution(s) in the TWS session
[capture]   cef_discount: 0 new -> /Users/simonjarvis/prod/QUANTT/ops/books/cef_live/_ibkr_shadow/cef_discount/broker_fills.csv
[capture]   0 already recorded (skipped), 0 belonged to another book (ignored)
[slippage] cef_discount: no overlapping fill dates yet
[2026-09-14 09:50:53] done status=ok
[2026-09-14 12:00:04] launchd start (job=cef)
2026-09-14 TRADING
[2026-09-14 12:00:05] plan: mode=morning asof=2026-09-11 may_arm=False (today=2026-09-14, prev trading day=2026-09-11)
[2026-09-14 12:00:05] plan: WILL NOT DECIDE - pair 2026-09-11 was already decided by an armed cef session; refusing a second order set into the same auction
[2026-09-14 12:00:05] refreshing market data
  12:00 is before the close: any bar dated 2026-09-14 is a partial session and will not be written
  prices 266,913 rows -> 2026-09-11
  NAV    234,092 rows -> 2026-09-11
  STALE NAV (1 funds, >3 business days old) — the sleeve must not trade these:
    FCT    last NAV 2026-08-06  (27 bd old)
  today's pair complete: every deployed name has a close and a NAV dated 2026-09-11
IBKR shortstock file unavailable (HTTPError: HTTP Error 404: Not Found); fees from the API instead
IBKR API FEE_RATE -- 17/17 names (fee dated 2026-09-14)

SYM       fee %  rebate %       avail
-------------------------------------
NAD       10.34        --          --
NVG        3.85        --          --
NEA        3.66        --          --
NZF        2.49        --          --
JFR        1.75        --          --
PTY        1.33        --          --
AWF        1.11        --          --
PHK        0.87        --          --
PCN        0.76        --          --
BIT        0.65        --          --
PDI        0.64        --          --
MQY        0.58        --          --
PDO        0.49        --          --
HYT        0.48        --          --
MHD        0.42        --          --
DSL        0.34        --          --
PFN        0.32        --          --
/Users/simonjarvis/prod/QUANTT/scripts/cef/fetch_borrow_rates.py:211: FutureWarning: The behavior of DataFrame concatenation with empty or all-NA entries is deprecated. In a future version, this will no longer exclude empty or all-NA columns when determining the result dtypes. To retain the old behavior, exclude the relevant entries before the concat operation.
  df = pd.concat([prev, df], ignore_index=True)

wrote data/cef/cef_borrow.csv (2026-09-14)
[2026-09-14 12:09:01] panel scripts/cef/fetch_borrow_rates.py -> rc=0
[preflight] [PASS] halt: no active halt
[preflight] [WARN] halt[phase0_null]: phase0_null is halted (2026-09-10 16:04:42: CORRECTION to the entry below: $168,790.60 is ledger overclaim (rebuild, no position call); only LQD's $89,841.18 is unattributed. Total $260,418.10 unchanged. Block unchanged.). That book is not trading; this one is unaffected.
[preflight] [PASS] costs: all 17 deployed ticker(s) priced
[preflight] [PASS] cost_drift: static costs still match the model
[preflight] [PASS] data: prices -> 2026-09-11 (0bd); NAV -> 2026-09-11 (0bd)
[preflight] [PASS] heartbeat: last beat 2026-09-14 (ok)
[preflight] [PASS] phantom_books: no dead books claiming symbols
[preflight] [PASS] broker: TWS/Gateway listening on 127.0.0.1:4002
[preflight] [PASS] margin: cushion 0.167, gross/NLV 2.01x, excess liquidity 165,603
[2026-09-14 12:09:03] NOT ARMED -> dry run in /Users/simonjarvis/prod/QUANTT/ops/books/_dryruns/cef. Reason: pair 2026-09-11 was already decided by an armed cef session; refusing a second order set into the same auction
[run_book] EXECUTION=simulator single day asof=2026-09-11
[dry-run] cef_discount: LONG  AWF                      qty=1743     held=1743  (cef band hold: |gap|<=0.0480 w=+0.0347)
[dry-run] cef_discount: LONG  BIT                      qty=8137     held=8137  (cef band hold: |gap|<=0.0480 w=+0.1907)
[dry-run] cef_discount: LONG  DSL                      qty=3723     held=3723  (cef band hold: |gap|<=0.0480 w=+0.0774)
[dry-run] cef_discount: LONG  HYT                      qty=4598     held=4598  (cef band hold: |gap|<=0.0480 w=+0.0748)
[dry-run] cef_discount: SHORT JFR                      w=-0.0585303 held=-3234  (cef discount z=+0.11 w=-0.0585 volscal=1.58)
[dry-run] cef_discount: SHORT MHD                      w=-0.163013  held=-5862  (cef discount z=+1.22 w=-0.1630 volscal=1.58)
[dry-run] cef_discount: SHORT MQY                      qty=-2089    held=-2089  (cef band hold: |gap|<=0.0480 w=-0.0443)
[dry-run] cef_discount: SHORT NAD                      w=-0.131035  held=-8129  (cef discount z=-0.14 w=-0.1310 volscal=1.58)
[dry-run] cef_discount: SHORT NEA                      w=-0.185942  held=-7319  (cef discount z=+1.46 w=-0.1859 volscal=1.58)
[dry-run] cef_discount: SHORT NVG                      qty=-4852    held=-4852  (cef band hold: |gap|<=0.0480 w=-0.1128)
[dry-run] cef_discount: SHORT NZF                      w=-0.048     held=-4533  (cef discount z=-1.02 w=-0.0480 volscal=1.58)
[dry-run] cef_discount: LONG  PCN                      qty=2120     held=2120  (cef band hold: |gap|<=0.0480 w=+0.0483)
[dry-run] cef_discount: LONG  PDI                      qty=4102     held=4102  (cef band hold: |gap|<=0.0480 w=+0.1211)
[dry-run] cef_discount: LONG  PDO                      qty=6099     held=6099  (cef band hold: |gap|<=0.0480 w=+0.1508)
[dry-run] cef_discount: LONG  PFN                      w=0.0286812  held=559  (cef discount z=-1.83 w=+0.0287 volscal=1.58)
[dry-run] cef_discount: LONG  PHK                      w=0.0739308  held=6392  (cef discount z=-2.31 w=+0.0739 volscal=1.58)
[dry-run] cef_discount: LONG  PTY                      qty=2084     held=2084  (cef band hold: |gap|<=0.0480 w=+0.0476)

[run_book] DRY-RUN asof 2026-09-11: 17 targets across 1 sleeve-days logged to /Users/simonjarvis/prod/QUANTT/ops/books/_dryruns/cef/dryrun_2026-09-11.json — NO orders transmitted, NO ledger writes.

[run_book] BOOK asof 2026-09-11  NAV $500,000.00  PnL $0.00  turnover $0  gross $813,682
[run_book]   cef_discount: NAV $500,000.00  verdict OK  enabled
[run_book]   limit max_gross_exposure_usd: OK
[run_book]   limit book_drawdown_suspend_pct: OK
[run_book]   limit per_sleeve_capital_band: OK
[run_book]   limit book_worst_month_usd: OK
[2026-09-14 12:09:04] book run ok
[2026-09-14 12:09:04] capturing broker executions (TWS forgets these at its daily restart)
[capture] 0 execution(s) in the TWS session
[capture]   cef_discount: 0 new -> /Users/simonjarvis/prod/QUANTT/ops/books/cef_live/_ibkr_shadow/cef_discount/broker_fills.csv
[capture]   0 already recorded (skipped), 0 belonged to another book (ignored)
[slippage] cef_discount: no overlapping fill dates yet
[2026-09-14 12:09:05] done status=ok_not_armed
