[2026-09-11 17:15:05] launchd start (job=cef)
2026-09-11 TRADING
[2026-09-11 17:15:05] waiting for today's NAV on every deployed name (deadline 23:30)
waiting for NAV dated 2026-09-11 on 17 deployed names; deadline 23:30, poll every 900s
[17:15:05] yfinance NAV 0/17  cefconnect NAV 0/17  close 0/17  missing on yfinance: AWF BIT DSL HYT JFR MHD MQY NAD NEA NVG NZF PCN PDI PDO PFN PHK PTY  missing on cefconnect: AWF BIT DSL HYT JFR MHD MQY NAD NEA NVG NZF PCN PDI PDO PFN PHK PTY
[17:30:08] yfinance NAV 0/17  cefconnect NAV 0/17  close 0/17  missing on yfinance: AWF BIT DSL HYT JFR MHD MQY NAD NEA NVG NZF PCN PDI PDO PFN PHK PTY  missing on cefconnect: AWF BIT DSL HYT JFR MHD MQY NAD NEA NVG NZF PCN PDI PDO PFN PHK PTY
[17:45:10] yfinance NAV 0/17  cefconnect NAV 0/17  close 0/17  missing on yfinance: AWF BIT DSL HYT JFR MHD MQY NAD NEA NVG NZF PCN PDI PDO PFN PHK PTY  missing on cefconnect: AWF BIT DSL HYT JFR MHD MQY NAD NEA NVG NZF PCN PDI PDO PFN PHK PTY
[18:00:13] yfinance NAV 0/17  cefconnect NAV 0/17  close 0/17  missing on yfinance: AWF BIT DSL HYT JFR MHD MQY NAD NEA NVG NZF PCN PDI PDO PFN PHK PTY  missing on cefconnect: AWF BIT DSL HYT JFR MHD MQY NAD NEA NVG NZF PCN PDI PDO PFN PHK PTY
[18:15:15] yfinance NAV 0/17  cefconnect NAV 0/17  close 0/17  missing on yfinance: AWF BIT DSL HYT JFR MHD MQY NAD NEA NVG NZF PCN PDI PDO PFN PHK PTY  missing on cefconnect: AWF BIT DSL HYT JFR MHD MQY NAD NEA NVG NZF PCN PDI PDO PFN PHK PTY
[18:30:18] yfinance NAV 0/17  cefconnect NAV 0/17  close 0/17  missing on yfinance: AWF BIT DSL HYT JFR MHD MQY NAD NEA NVG NZF PCN PDI PDO PFN PHK PTY  missing on cefconnect: AWF BIT DSL HYT JFR MHD MQY NAD NEA NVG NZF PCN PDI PDO PFN PHK PTY
[18:45:20] yfinance NAV 0/17  cefconnect NAV 0/17  close 0/17  missing on yfinance: AWF BIT DSL HYT JFR MHD MQY NAD NEA NVG NZF PCN PDI PDO PFN PHK PTY  missing on cefconnect: AWF BIT DSL HYT JFR MHD MQY NAD NEA NVG NZF PCN PDI PDO PFN PHK PTY
[19:00:22] yfinance NAV 0/17  cefconnect NAV 0/17  close 0/17  missing on yfinance: AWF BIT DSL HYT JFR MHD MQY NAD NEA NVG NZF PCN PDI PDO PFN PHK PTY  missing on cefconnect: AWF BIT DSL HYT JFR MHD MQY NAD NEA NVG NZF PCN PDI PDO PFN PHK PTY
[19:15:24] yfinance NAV 0/17  cefconnect NAV 0/17  close 0/17  missing on yfinance: AWF BIT DSL HYT JFR MHD MQY NAD NEA NVG NZF PCN PDI PDO PFN PHK PTY  missing on cefconnect: AWF BIT DSL HYT JFR MHD MQY NAD NEA NVG NZF PCN PDI PDO PFN PHK PTY
[19:30:26] yfinance NAV 0/17  cefconnect NAV 0/17  close 0/17  missing on yfinance: AWF BIT DSL HYT JFR MHD MQY NAD NEA NVG NZF PCN PDI PDO PFN PHK PTY  missing on cefconnect: AWF BIT DSL HYT JFR MHD MQY NAD NEA NVG NZF PCN PDI PDO PFN PHK PTY
[19:45:28] yfinance NAV 0/17  cefconnect NAV 0/17  close 0/17  missing on yfinance: AWF BIT DSL HYT JFR MHD MQY NAD NEA NVG NZF PCN PDI PDO PFN PHK PTY  missing on cefconnect: AWF BIT DSL HYT JFR MHD MQY NAD NEA NVG NZF PCN PDI PDO PFN PHK PTY
[20:00:30] yfinance NAV 0/17  cefconnect NAV 0/17  close 0/17  missing on yfinance: AWF BIT DSL HYT JFR MHD MQY NAD NEA NVG NZF PCN PDI PDO PFN PHK PTY  missing on cefconnect: AWF BIT DSL HYT JFR MHD MQY NAD NEA NVG NZF PCN PDI PDO PFN PHK PTY
[20:15:32] yfinance NAV 0/17  cefconnect NAV 0/17  close 0/17  missing on yfinance: AWF BIT DSL HYT JFR MHD MQY NAD NEA NVG NZF PCN PDI PDO PFN PHK PTY  missing on cefconnect: AWF BIT DSL HYT JFR MHD MQY NAD NEA NVG NZF PCN PDI PDO PFN PHK PTY
[20:30:35] yfinance NAV 0/17  cefconnect NAV 0/17  close 0/17  missing on yfinance: AWF BIT DSL HYT JFR MHD MQY NAD NEA NVG NZF PCN PDI PDO PFN PHK PTY  missing on cefconnect: AWF BIT DSL HYT JFR MHD MQY NAD NEA NVG NZF PCN PDI PDO PFN PHK PTY
[20:45:37] yfinance NAV 0/17  cefconnect NAV 0/17  close 0/17  missing on yfinance: AWF BIT DSL HYT JFR MHD MQY NAD NEA NVG NZF PCN PDI PDO PFN PHK PTY  missing on cefconnect: AWF BIT DSL HYT JFR MHD MQY NAD NEA NVG NZF PCN PDI PDO PFN PHK PTY
[21:00:39] yfinance NAV 0/17  cefconnect NAV 0/17  close 0/17  missing on yfinance: AWF BIT DSL HYT JFR MHD MQY NAD NEA NVG NZF PCN PDI PDO PFN PHK PTY  missing on cefconnect: AWF BIT DSL HYT JFR MHD MQY NAD NEA NVG NZF PCN PDI PDO PFN PHK PTY
[21:15:41] yfinance NAV 0/17  cefconnect NAV 0/17  close 0/17  missing on yfinance: AWF BIT DSL HYT JFR MHD MQY NAD NEA NVG NZF PCN PDI PDO PFN PHK PTY  missing on cefconnect: AWF BIT DSL HYT JFR MHD MQY NAD NEA NVG NZF PCN PDI PDO PFN PHK PTY
[21:30:43] yfinance NAV 0/17  cefconnect NAV 0/17  close 0/17  missing on yfinance: AWF BIT DSL HYT JFR MHD MQY NAD NEA NVG NZF PCN PDI PDO PFN PHK PTY  missing on cefconnect: AWF BIT DSL HYT JFR MHD MQY NAD NEA NVG NZF PCN PDI PDO PFN PHK PTY
[21:45:45] yfinance NAV 0/17  cefconnect NAV 0/17  close 0/17  missing on yfinance: AWF BIT DSL HYT JFR MHD MQY NAD NEA NVG NZF PCN PDI PDO PFN PHK PTY  missing on cefconnect: AWF BIT DSL HYT JFR MHD MQY NAD NEA NVG NZF PCN PDI PDO PFN PHK PTY
[22:00:48] yfinance NAV 17/17  cefconnect NAV 0/17  close 17/17  missing on cefconnect: AWF BIT DSL HYT JFR MHD MQY NAD NEA NVG NZF PCN PDI PDO PFN PHK PTY
today's pair is complete on yfinance at 22:00 (first NAV seen 22:00, last 22:00)
[2026-09-11 22:00:52] today's NAV is published (yfinance) at 22:00
[2026-09-11 22:00:52] refreshing market data
  prices 266,913 rows -> 2026-09-11
  NAV    234,092 rows -> 2026-09-11
  STALE NAV (1 funds, >3 business days old) — the sleeve must not trade these:
    FCT    last NAV 2026-08-06  (26 bd old)
  today's pair complete: every deployed name has a close and a NAV dated 2026-09-11
IBKR shortstock file unavailable (HTTPError: HTTP Error 404: Not Found); fees from the API instead
IBKR API FEE_RATE -- 0/17 names
  no fee rate from either source; not writing a row
[2026-09-12 07:09:11] panel scripts/cef/fetch_borrow_rates.py FAILED rc=1 (session continues)
[preflight] [PASS] halt: no active halt
[preflight] [WARN] halt[phase0_null]: phase0_null is halted (2026-09-10 16:04:42: CORRECTION to the entry below: $168,790.60 is ledger overclaim (rebuild, no position call); only LQD's $89,841.18 is unattributed. Total $260,418.10 unchanged. Block unchanged.). That book is not trading; this one is unaffected.
[preflight] [PASS] costs: all 17 deployed ticker(s) priced
[preflight] [PASS] cost_drift: static costs still match the model
[preflight] [PASS] data: prices -> 2026-09-11 (0bd); NAV -> 2026-09-11 (0bd)
[preflight] [PASS] heartbeat: last beat 2026-09-11 (ok)
[preflight] [PASS] phantom_books: no dead books claiming symbols
[preflight] [PASS] broker: TWS/Gateway listening on 127.0.0.1:4002
[preflight] [PASS] margin: cushion 0.165, gross/NLV 2.01x, excess liquidity 163,194
[2026-09-12 07:09:13] SAME-DAY GUARD: cef already ran ARMED today at 2026-09-11 10:38:32. NOT transmitting a second order set. Data refresh and fill capture still run. Override with FORCE_TRADE=1 only after cancelling the pending orders.
[2026-09-12 07:09:13] NOT ARMED -> dry run in /Users/simonjarvis/prod/QUANTT/ops/books/_dryruns/cef. Reason: already traded today (same-day guard)
[run_book] EXECUTION=simulator single day asof=2026-09-11
[dry-run] cef_discount: LONG  AWF                      qty=1743     held=1743  (cef band hold: |gap|<=0.0480 w=+0.0347)
[dry-run] cef_discount: LONG  BIT                      qty=8137     held=8137  (cef band hold: |gap|<=0.0480 w=+0.1907)
[dry-run] cef_discount: LONG  DSL                      qty=3723     held=3723  (cef band hold: |gap|<=0.0480 w=+0.0774)
[dry-run] cef_discount: LONG  HYT                      qty=4598     held=4598  (cef band hold: |gap|<=0.0480 w=+0.0748)
[dry-run] cef_discount: SHORT JFR                      w=-0.0585303 held=-3234  (cef discount z=+0.11 w=-0.0585 volscal=1.58)
[dry-run] cef_discount: SHORT MHD                      w=-0.163013  held=-5862  (cef discount z=+1.22 w=-0.1630 volscal=1.58)
[dry-run] cef_discount: SHORT MQY                      qty=-2089    held=-2089  (cef band hold: |gap|<=0.0480 w=-0.0443)
[dry-run] cef_discount: SHORT NAD                      w=-0.131035  held=-8129  (cef discount z=-0.14 w=-0.1310 volscal=1.58)
[dry-run] cef_discount: SHORT NEA                      w=-0.185942  held=-7319  (cef discount z=+1.46 w=-0.1859 volscal=1.58)
[dry-run] cef_discount: SHORT NVG                      qty=-4852    held=-4852  (cef band hold: |gap|<=0.0480 w=-0.1128)
[dry-run] cef_discount: SHORT NZF                      w=-0.048     held=-4533  (cef discount z=-1.02 w=-0.0480 volscal=1.58)
[dry-run] cef_discount: LONG  PCN                      qty=2120     held=2120  (cef band hold: |gap|<=0.0480 w=+0.0483)
[dry-run] cef_discount: LONG  PDI                      qty=4102     held=4102  (cef band hold: |gap|<=0.0480 w=+0.1211)
[dry-run] cef_discount: LONG  PDO                      qty=6099     held=6099  (cef band hold: |gap|<=0.0480 w=+0.1508)
[dry-run] cef_discount: LONG  PFN                      w=0.0286812  held=559  (cef discount z=-1.83 w=+0.0287 volscal=1.58)
[dry-run] cef_discount: LONG  PHK                      w=0.0739308  held=6392  (cef discount z=-2.31 w=+0.0739 volscal=1.58)
[dry-run] cef_discount: LONG  PTY                      qty=2084     held=2084  (cef band hold: |gap|<=0.0480 w=+0.0476)

[run_book] DRY-RUN asof 2026-09-11: 17 targets across 1 sleeve-days logged to /Users/simonjarvis/prod/QUANTT/ops/books/_dryruns/cef/dryrun_2026-09-11.json — NO orders transmitted, NO ledger writes.

[run_book] BOOK asof 2026-09-11  NAV $500,000.00  PnL $0.00  turnover $0  gross $813,682
[run_book]   cef_discount: NAV $500,000.00  verdict OK  enabled
[run_book]   limit max_gross_exposure_usd: OK
[run_book]   limit book_drawdown_suspend_pct: OK
[run_book]   limit per_sleeve_capital_band: OK
[run_book]   limit book_worst_month_usd: OK
[2026-09-12 07:09:14] book run ok
[2026-09-12 07:09:14] capturing broker executions (TWS forgets these at its daily restart)
[capture] 0 execution(s) in the TWS session
[capture]   cef_discount: 0 new -> /Users/simonjarvis/prod/QUANTT/ops/books/cef_live/_ibkr_shadow/cef_discount/broker_fills.csv
[capture]   0 already recorded (skipped), 0 belonged to another book (ignored)
[slippage] cef_discount: no overlapping fill dates yet
[2026-09-12 07:09:15] done status=ok_already_traded
