[2026-09-23 18:30:02] collect start
[2026-09-23 18:30:02] running scripts/holdings/ingest_holdings.py
Traceback (most recent call last):
  File "/opt/anaconda3/lib/python3.13/pathlib/_local.py", line 722, in mkdir
    os.mkdir(self, mode)
    ~~~~~~~~^^^^^^^^^^^^
FileNotFoundError: [Errno 2] No such file or directory: '/Users/simonjarvis/prod/QUANTT/data/holdings/raw'

During handling of the above exception, another exception occurred:

Traceback (most recent call last):
  File "/opt/anaconda3/lib/python3.13/pathlib/_local.py", line 722, in mkdir
    os.mkdir(self, mode)
    ~~~~~~~~^^^^^^^^^^^^
FileNotFoundError: [Errno 2] No such file or directory: '/Users/simonjarvis/prod/QUANTT/data/holdings'

During handling of the above exception, another exception occurred:

Traceback (most recent call last):
  File "/Users/simonjarvis/prod/QUANTT/scripts/holdings/ingest_holdings.py", line 41, in <module>
    RAW_DIR.mkdir(parents=True, exist_ok=True)
    ~~~~~~~~~~~~~^^^^^^^^^^^^^^^^^^^^^^^^^^^^^
  File "/opt/anaconda3/lib/python3.13/pathlib/_local.py", line 726, in mkdir
    self.parent.mkdir(parents=True, exist_ok=True)
    ~~~~~~~~~~~~~~~~~^^^^^^^^^^^^^^^^^^^^^^^^^^^^^
  File "/opt/anaconda3/lib/python3.13/pathlib/_local.py", line 726, in mkdir
    self.parent.mkdir(parents=True, exist_ok=True)
    ~~~~~~~~~~~~~~~~~^^^^^^^^^^^^^^^^^^^^^^^^^^^^^
  File "/opt/anaconda3/lib/python3.13/pathlib/_local.py", line 722, in mkdir
    os.mkdir(self, mode)
    ~~~~~~~~^^^^^^^^^^^^
FileExistsError: [Errno 17] File exists: '/Users/simonjarvis/prod/QUANTT/data'
[2026-09-23 18:30:02] scripts/holdings/ingest_holdings.py -> rc=1
[2026-09-23 18:30:02] running scripts/holdings/fetch_nav_multi.py
Traceback (most recent call last):
  File "/opt/anaconda3/lib/python3.13/pathlib/_local.py", line 722, in mkdir
    os.mkdir(self, mode)
    ~~~~~~~~^^^^^^^^^^^^
FileNotFoundError: [Errno 2] No such file or directory: '/Users/simonjarvis/prod/QUANTT/data/holdings/raw_nav'

During handling of the above exception, another exception occurred:

Traceback (most recent call last):
  File "/opt/anaconda3/lib/python3.13/pathlib/_local.py", line 722, in mkdir
    os.mkdir(self, mode)
    ~~~~~~~~^^^^^^^^^^^^
FileNotFoundError: [Errno 2] No such file or directory: '/Users/simonjarvis/prod/QUANTT/data/holdings'

During handling of the above exception, another exception occurred:

Traceback (most recent call last):
  File "/Users/simonjarvis/prod/QUANTT/scripts/holdings/fetch_nav_multi.py", line 15, in <module>
    RAW.mkdir(parents=True, exist_ok=True)
    ~~~~~~~~~^^^^^^^^^^^^^^^^^^^^^^^^^^^^^
  File "/opt/anaconda3/lib/python3.13/pathlib/_local.py", line 726, in mkdir
    self.parent.mkdir(parents=True, exist_ok=True)
    ~~~~~~~~~~~~~~~~~^^^^^^^^^^^^^^^^^^^^^^^^^^^^^
  File "/opt/anaconda3/lib/python3.13/pathlib/_local.py", line 726, in mkdir
    self.parent.mkdir(parents=True, exist_ok=True)
    ~~~~~~~~~~~~~~~~~^^^^^^^^^^^^^^^^^^^^^^^^^^^^^
  File "/opt/anaconda3/lib/python3.13/pathlib/_local.py", line 722, in mkdir
    os.mkdir(self, mode)
    ~~~~~~~~^^^^^^^^^^^^
FileExistsError: [Errno 17] File exists: '/Users/simonjarvis/prod/QUANTT/data'
[2026-09-23 18:30:03] scripts/holdings/fetch_nav_multi.py -> rc=1
[2026-09-23 18:30:06] collect done status=partial
