
== CHECK: nothing below changes anything (23:04:24)
  [ OK ] tag v2026.09.13.4 -> 1354743 locally
  [ OK ] tag v2026.09.13.4 is on origin
  [ OK ] outside the promotion and morning session windows (2026-09-13 2304)
  [ OK ] no launch_job session running
  [ OK ] gateway listening on 4002
  [ OK ] no global or cef halt (phase0_null's scoped halt is expected and unaffected)
  [ OK ] cef.env DRY_RUN=0 (morning job may trade)
  [ OK ] rendered com.quantt.cef.daily.plist lints
  [ OK ] rendered com.quantt.cef_pm.plist lints
  [ OK ] rendered com.quantt.awake.plist lints
  [ OK ] verify plist template lints
  [ OK ] plists in dev are byte-identical to v2026.09.13.4
  [ OK ] launch_job.py carries the W3 session plan
  [ OK ] go-live test suites pass at dev HEAD

== 1/5 PROMOTE v2026.09.13.4 (smoke test + automatic rollback on failure) (23:04:25)
[2026-09-13 23:04:25] note: 22 live-state file(s) have advanced since the last promotion (expected)
[2026-09-13 23:04:26] promoting v2026.09.13.1 -> v2026.09.13.4
[2026-09-13 23:04:26] smoke test on 2026-09-11 -> /Users/simonjarvis/prod/QUANTT/ops/schedule/logs/promote_smoke_v2026.09.13.4.log
[2026-09-13 23:04:55] dashboard restarted on v2026.09.13.4
[2026-09-13 23:04:55] PROMOTED v2026.09.13.4 (was v2026.09.13.1)
  [ OK ] prod is at v2026.09.13.4
  [ OK ] prod has the pre-transmit coverage refusal

== 2/5 EPOCH RESET cef_discount @ 2026-09-11, NAV $500000, positions from the broker (23:04:56)
EPOCH RESET — cef_discount  (DRY RUN)
  archiving : 3 nav row(s), 3 trade row(s)
  epoch date: 2026-09-11   marks from broker live marks
  declared NAV $500,000 = cash $565,161 + invested $-65,161
  gross $801,311  net $-65,161  (17 names, from the BROKER)

  ticker      shares    close    mkt value   weight
  NEA        -11,576    10.84     -125,473  -0.2509
  MHD         -8,741    11.07      -96,750  -0.1935
  PDO          7,311    12.55       91,753   0.1835
  BIT          6,842    11.72       80,202   0.1604
  JFR        -10,467     7.60      -79,593  -0.1592
  NAD         -5,237    10.96      -57,398  -0.1148
  PDI          3,746    14.78       55,366   0.1107
  NVG         -4,679    11.61      -54,325  -0.1086
  DSL          3,720    10.41       38,725   0.0775
  PHK          7,089     4.36       30,908   0.0618
  HYT          3,210     8.13       26,109   0.0522
  AWF          1,926     9.99       19,237   0.0385
  MQY         -1,565    10.59      -16,574  -0.0331
  PFN          1,555     6.65       10,338   0.0207
  PCN            720    11.43        8,230   0.0165
  PTY            630    11.44        7,207   0.0144
  NZF           -271    11.53       -3,124  -0.0062

  DRY RUN — nothing written. Re-run with --commit.
EPOCH RESET — cef_discount  (COMMIT)
  archiving : 3 nav row(s), 3 trade row(s)
  epoch date: 2026-09-11   marks from broker live marks
  declared NAV $500,000 = cash $565,161 + invested $-65,161
  gross $801,311  net $-65,161  (17 names, from the BROKER)

  ticker      shares    close    mkt value   weight
  NEA        -11,576    10.84     -125,473  -0.2509
  MHD         -8,741    11.07      -96,750  -0.1935
  PDO          7,311    12.55       91,753   0.1835
  BIT          6,842    11.72       80,202   0.1604
  JFR        -10,467     7.60      -79,593  -0.1592
  NAD         -5,237    10.96      -57,398  -0.1148
  PDI          3,746    14.78       55,366   0.1107
  NVG         -4,679    11.61      -54,325  -0.1086
  DSL          3,720    10.41       38,725   0.0775
  PHK          7,089     4.36       30,908   0.0618
  HYT          3,210     8.13       26,109   0.0522
  AWF          1,926     9.99       19,237   0.0385
  MQY         -1,565    10.59      -16,574  -0.0331
  PFN          1,555     6.65       10,338   0.0207
  PCN            720    11.43        8,230   0.0165
  PTY            630    11.44        7,207   0.0144
  NZF           -271    11.53       -3,124  -0.0062

  archived -> /Users/simonjarvis/prod/QUANTT/ops/books/cef_live/_ibkr_shadow/_pre_epoch_cef_discount_20260913_230457
  ledger re-seeded. broker_fills.csv and slippage.csv untouched.

== 3/5 INSTALL W3 plists and the post-close verifier (this arms the book) (23:04:57)
  [ OK ] com.quantt.cef.daily loaded
  [ OK ] com.quantt.cef_pm loaded
  [ OK ] com.quantt.awake loaded
  [ OK ] com.quantt.verify.cef loaded
  [ OK ] all four labels present

== 4/5 ARCHIVE machine-side leftovers of the old schedule (23:04:57)
  /Users/simonjarvis/Library/Application Support/quantt/launch_job.py.bak-20260831
  /Users/simonjarvis/Library/Application Support/quantt/launch_job.py.bak-20260906-153127
  /Users/simonjarvis/Library/Application Support/quantt/launch_job.py.bak-20260908
  /Users/simonjarvis/Library/Application Support/quantt/launch_job.py.bak-20260913-212735
  /Users/simonjarvis/Library/LaunchAgents/com.quantt.awake.plist.bak-20260908
  /Users/simonjarvis/Library/LaunchAgents/com.quantt.cef.daily.plist.bak-20260913
  /Users/simonjarvis/Library/LaunchAgents/com.quantt.collect.daily.plist.bak-20260901
  /Users/simonjarvis/Library/LaunchAgents/com.quantt.phase0.daily.plist.bak-20260901
  /Users/simonjarvis/Library/LaunchAgents/com.quantt.watchdog.daily.plist.bak-20260901
  /Users/simonjarvis/Library/LaunchAgents/com.quantt.weekly.plist.bak-20260901
  /Users/simonjarvis/Library/LaunchAgents/com.quantt.book.daily.plist
  /Users/simonjarvis/Library/LaunchAgents/com.quantt.book.weekly.plist

moved 12 file(s) to /Users/simonjarvis/Library/Application Support/quantt/_archive/pre_w3_20260913_230457 (MANIFEST.txt has the restore commands)

== 5/5 WHAT THE NEXT MORNING WILL DO (read-only) (23:04:57)
  2026-09-14 08:30  mode=morning asof=2026-09-11 may_arm=True refusal=None
[doctor] repo   /Users/simonjarvis/prod/QUANTT
[doctor] python /opt/anaconda3/bin/python3

  [PASS] repo-path                /Users/simonjarvis/prod/QUANTT
  [PASS] plist:cef                paths resolve
  [PASS] plist:cef_pm             paths resolve
  [PASS] plist:benchmarks         paths resolve
  [PASS] plist:phase0             paths resolve
  [PASS] plist:collect            paths resolve
  [PASS] plist:watchdog           paths resolve
  [PASS] plist:weekly             paths resolve
  [PASS] plist:backup             paths resolve
  [PASS] loaded:cef               loaded, last exit 0
  [PASS] loaded:cef_pm            loaded, last exit 0
  [PASS] loaded:benchmarks        loaded, last exit 0
  [PASS] loaded:phase0            loaded, last exit 0
  [PASS] loaded:collect           loaded, last exit 0
  [PASS] loaded:watchdog          loaded, last exit 0
  [PASS] loaded:weekly            loaded, last exit 0
  [PASS] loaded:backup            loaded, last exit 0
  [PASS] decision-age             launch_job.py passes --job, so arm() can judge how old a decision is
  [PASS] env:benchmarks           book paths resolve
  [PASS] env:cef                  book paths resolve
  [PASS] env:cef_pm               book paths resolve
  [PASS] env:phase0               book paths resolve
  [WARN] broker                   skipped (--quick)
  [PASS] ibc                      IBC is managing the gateway
  [WARN] sleep                    THE EVENING SESSION IS UNPROTECTED, which is how 2026-09-10 was lost: on BATTERY, which voids `caffeinate -s` entirely (it is valid only on AC) and idle-sleeps in 1 minute. Nothing brings it back either: no repeating wake is scheduled. com.quantt.awake is loaded (08:00-00:00)
  [PASS] beat:cef                 2026-09-12 (ok_already_traded)
  [PASS] beat:benchmarks          2026-09-11 (ok)
  [PASS] beat:phase0              2026-09-11 (ok_not_armed)
  [PASS] beat:collect             2026-09-11 (ok)
  [WARN] alerts                   email not configured — alerts reach only the macOS banner and the speech synthesiser, which is nobody when you are away from the machine
  [PASS] panel:cef_prices         0 sessions behind prices (ends 2026-09-11)
  [PASS] panel:cef_nav            0 sessions behind prices (ends 2026-09-11)
  [PASS] panel:cef_distributions  1 sessions behind prices (ends 2026-09-10)
  [WARN] panel:etf_ohlc           31 sessions behind the price panel (ends 2026-07-29, prices end 2026-09-11) — ETF proxies in W10/W13 and gamma/G3's variance work
  [PASS] panel:cef_borrow         1 sessions behind prices (ends 2026-09-10)
  [PASS] panel:cef_facts          0 sessions behind prices (ends 2026-09-11)
  [PASS] panel:cef_facts          carries `fetched_at`

WILL BREAK LATER, OR YOU WILL NOT HEAR ABOUT IT:
  - broker: skipped (--quick)
  - sleep: THE EVENING SESSION IS UNPROTECTED, which is how 2026-09-10 was lost: on BATTERY, which voids `caffeinate -s` entirely (it is valid only on AC) and idle-sleeps in 1 minute. Nothing brings it back either: no repeating wake is scheduled. com.quantt.awake is loaded (08:00-00:00)
      fix: plug in the charger and open the lid, or: sudo pmset -a disablesleep 1 && sudo pmset -b sleep 0 && sudo pmset repeat wakeorpoweron MTWRF 17:00:00
  - alerts: email not configured — alerts reach only the macOS banner and the speech synthesiser, which is nobody when you are away from the machine
      fix: add ALERT_SMTP_USER and ALERT_SMTP_PASS (a Google App Password) to config/.env
  - panel:etf_ohlc: 31 sessions behind the price panel (ends 2026-07-29, prices end 2026-09-11) — ETF proxies in W10/W13 and gamma/G3's variance work
      fix: refresh it; any note quoting it must state 2026-07-29

DONE. Log: /Users/simonjarvis/prod/QUANTT/ops/schedule/logs/go_live_w3_20260913_230424.log
