[2026-09-16 09:35:05] launchd start (job=phase0)
2026-09-16 TRADING
[preflight] [FAIL] halt: ops/HALT_phase0_null.md is active (2026-09-10 16:04:42: CORRECTION to the entry below: $168,790.60 is ledger overclaim (rebuild, no position call); only LQD's $89,841.18 is unattributed. Total $260,418.10 unchanged. Block unchanged.) — blocks THIS book (phase0_null). Clear with ops.halt.clear_halt('...', book='phase0_null') once genuinely fixed.
[preflight] [WARN] halt[benchmarks_paper]: benchmarks_paper is halted (2026-09-14 17:25:10: shadow ledger desync in bench_b3_agg @ 2026-09-14). That book is not trading; this one is unaffected.
[preflight] [WARN] halt[cef_discount_paper]: cef_discount_paper is halted (2026-09-15 08:39:04: shadow ledger desync in cef_discount @ 2026-09-14). That book is not trading; this one is unaffected.
[preflight] [PASS] costs: all 14 deployed ticker(s) priced
[preflight] [PASS] cost_drift: static costs still match the model
[preflight] [PASS] data: prices -> 2026-09-15 (1bd); NAV -> 2026-09-15 (1bd)
[preflight] [PASS] heartbeat: last beat 2026-09-15 (ok_not_armed)
[preflight] [PASS] phantom_books: no dead books claiming symbols
[preflight] [PASS] broker: TWS/Gateway listening on 127.0.0.1:4002
[preflight] [PASS] margin: skipped (TimeoutError)
[2026-09-16 09:35:30] NOT ARMED -> dry run in /Users/simonjarvis/prod/QUANTT/ops/books/_dryruns/phase0. Reason: [FAIL] halt: ops/HALT_phase0_null.md is active (2026-09-10 16:04:42: CORRECTION to the entry below: $168,790.60 is ledger overclaim (rebuild, no position call); only LQD's $89,841.18 is unattributed. Total $260,418.10 unchanged. Block unchanged.) — blocks THIS book (phase0_null). Clear with ops.halt.clear_halt('...', book='phase0_null') once genuinely fixed.
[run_book] EXECUTION=simulator single day asof=2026-09-16
[dry-run] null_trader: LONG  HYG                      w=0.0847737  held=0  (null trader (epoch 4142) w=+0.0848)
[dry-run] null_trader: SHORT JNK                      w=-0.101888  held=0  (null trader (epoch 4142) w=-0.1019)
[dry-run] null_trader: FLAT  USHY                                  held=0  (null: below min weight)
[dry-run] null_trader: LONG  SPHY                     w=0.129514   held=0  (null trader (epoch 4142) w=+0.1295)
[dry-run] null_trader: SHORT SHYG                     w=-0.0912976 held=0  (null trader (epoch 4142) w=-0.0913)
[dry-run] null_trader: SHORT SJNK                     w=-0.041217  held=0  (null trader (epoch 4142) w=-0.0412)
[dry-run] null_trader: SHORT LQD                      w=-0.116264  held=0  (null trader (epoch 4142) w=-0.1163)
[dry-run] null_trader: LONG  VCSH                     w=0.103532   held=0  (null trader (epoch 4142) w=+0.1035)
[dry-run] null_trader: LONG  VCIT                     w=0.0110804  held=0  (null trader (epoch 4142) w=+0.0111)
[dry-run] null_trader: LONG  IGSB                     w=0.113467   held=0  (null trader (epoch 4142) w=+0.1135)
[dry-run] null_trader: SHORT BKLN                     w=-0.054243  held=0  (null trader (epoch 4142) w=-0.0542)
[dry-run] null_trader: SHORT SRLN                     w=-0.0299899 held=0  (null trader (epoch 4142) w=-0.0300)
[dry-run] null_trader: SHORT EMB                      w=-0.0651006 held=0  (null trader (epoch 4142) w=-0.0651)
[dry-run] null_trader: LONG  JAAA                     w=0.0576322  held=0  (null trader (epoch 4142) w=+0.0576)

[run_book] DRY-RUN asof 2026-09-16: 14 targets across 1 sleeve-days logged to /Users/simonjarvis/prod/QUANTT/ops/books/_dryruns/phase0/dryrun_2026-09-16.json — NO orders transmitted, NO ledger writes.

[run_book] BOOK asof 2026-09-16  NAV $0.00  PnL $0.00  turnover $0  gross $0
[run_book]   null_trader: NAV n/a  verdict OK  enabled
[run_book]   limit max_gross_exposure_usd: OK
[run_book]   limit per_sleeve_capital_band: OK
[run_book]   limit book_worst_month_usd: OK
[2026-09-16 09:35:41] book run ok
[2026-09-16 09:35:41] capturing broker executions (TWS forgets these at its daily restart)
API connection failed: TimeoutError()
Traceback (most recent call last):
  File "/opt/anaconda3/lib/python3.13/asyncio/tasks.py", line 507, in wait_for
    return await fut
           ^^^^^^^^^
asyncio.exceptions.CancelledError

The above exception was the direct cause of the following exception:

Traceback (most recent call last):
  File "<frozen runpy>", line 198, in _run_module_as_main
  File "<frozen runpy>", line 88, in _run_code
  File "/Users/simonjarvis/prod/QUANTT/ops/capture_fills.py", line 586, in <module>
    sys.exit(main())
             ~~~~^^
  File "/Users/simonjarvis/prod/QUANTT/ops/capture_fills.py", line 576, in main
    capture(a.book, a.books_root, client_id=a.client_id, asof=a.asof)
    ~~~~~~~^^^^^^^^^^^^^^^^^^^^^^^^^^^^^^^^^^^^^^^^^^^^^^^^^^^^^^^^^^
  File "/Users/simonjarvis/prod/QUANTT/ops/capture_fills.py", line 110, in capture
    app.connect(cfg.host, int(cfg.port),
    ~~~~~~~~~~~^^^^^^^^^^^^^^^^^^^^^^^^^
                clientId=int(client_id or (cfg.client_id + 50)),
                ^^^^^^^^^^^^^^^^^^^^^^^^^^^^^^^^^^^^^^^^^^^^^^^^
                readonly=True, timeout=30)
                ^^^^^^^^^^^^^^^^^^^^^^^^^^
  File "/opt/anaconda3/lib/python3.13/site-packages/ib_async/ib.py", line 369, in connect
    return self._run(
           ~~~~~~~~~^
        self.connectAsync(
        ^^^^^^^^^^^^^^^^^^
    ...<8 lines>...
        )
        ^
    )
    ^
  File "/opt/anaconda3/lib/python3.13/site-packages/ib_async/ib.py", line 428, in _run
    return util.run(*awaitables, timeout=self.RequestTimeout)
           ~~~~~~~~^^^^^^^^^^^^^^^^^^^^^^^^^^^^^^^^^^^^^^^^^^
  File "/opt/anaconda3/lib/python3.13/site-packages/ib_async/util.py", line 360, in run
    result = loop.run_until_complete(task)
  File "/opt/anaconda3/lib/python3.13/asyncio/base_events.py", line 725, in run_until_complete
    return future.result()
           ~~~~~~~~~~~~~^^
  File "/opt/anaconda3/lib/python3.13/site-packages/ib_async/ib.py", line 2043, in connectAsync
    await self.client.connectAsync(host, port, clientId, timeout)
  File "/opt/anaconda3/lib/python3.13/site-packages/ib_async/client.py", line 227, in connectAsync
    await asyncio.wait_for(self.apiStart, timeout)
  File "/opt/anaconda3/lib/python3.13/asyncio/tasks.py", line 506, in wait_for
    async with timeouts.timeout(timeout):
               ~~~~~~~~~~~~~~~~^^^^^^^^^
  File "/opt/anaconda3/lib/python3.13/asyncio/timeouts.py", line 116, in __aexit__
    raise TimeoutError from exc_val
TimeoutError
[2026-09-16 09:36:12] fill capture failed rc=1 (real fills for 2026-09-16 may be lost)
[2026-09-16 09:36:12] done status=ok_not_armed
