[2026-09-23 09:35:05] launchd start (job=phase0)
2026-09-23 TRADING
[preflight] [FAIL] halt: ops/HALT_phase0_null.md is active (2026-09-10 16:04:42: CORRECTION to the entry below: $168,790.60 is ledger overclaim (rebuild, no position call); only LQD's $89,841.18 is unattributed. Total $260,418.10 unchanged. Block unchanged.) — blocks THIS book (phase0_null). Clear with ops.halt.clear_halt('...', book='phase0_null') once genuinely fixed.
[preflight] [WARN] halt[benchmarks_paper]: benchmarks_paper is halted (2026-09-14 17:25:10: shadow ledger desync in bench_b3_agg @ 2026-09-14). That book is not trading; this one is unaffected.
[preflight] [WARN] halt[cef_discount_paper]: cef_discount_paper is halted (2026-09-15 08:39:04: shadow ledger desync in cef_discount @ 2026-09-14). That book is not trading; this one is unaffected.
[preflight] [PASS] costs: all 14 deployed ticker(s) priced
[preflight] [PASS] cost_drift: no CEF price store to compare
[preflight] [FAIL] data: prices: MISSING cef_prices.parquet; NAV: MISSING cef_nav.parquet
[preflight] [PASS] heartbeat: last beat 2026-09-22 (failed)
[preflight] [PASS] phantom_books: no dead books claiming symbols
[preflight] [FAIL] broker: nothing listening on 127.0.0.1:4002 (ConnectionRefusedError). TWS restarts daily and needs a login — start it, or let the session run collect-only.
[2026-09-23 09:35:08] NOT ARMED -> dry run in /Users/simonjarvis/prod/QUANTT/ops/books/_dryruns/phase0. Reason: [FAIL] halt: ops/HALT_phase0_null.md is active (2026-09-10 16:04:42: CORRECTION to the entry below: $168,790.60 is ledger overclaim (rebuild, no position call); only LQD's $89,841.18 is unattributed. Total $260,418.10 unchanged. Block unchanged.) — blocks THIS book (phase0_null). Clear with ops.halt.clear_halt('...', book='phase0_null') once genuinely fixed.; [FAIL] data: prices: MISSING cef_prices.parquet; NAV: MISSING cef_nav.parquet; [FAIL] broker: nothing listening on 127.0.0.1:4002 (ConnectionRefusedError). TWS restarts daily and needs a login — start it, or let the session run collect-only.
[run_book] EXECUTION=simulator single day asof=2026-09-23
Traceback (most recent call last):
  File "<frozen runpy>", line 198, in _run_module_as_main
  File "<frozen runpy>", line 88, in _run_code
  File "/Users/simonjarvis/prod/QUANTT/src/deploy/run_book.py", line 588, in <module>
    sys.exit(main())
             ~~~~^^
  File "/Users/simonjarvis/prod/QUANTT/src/deploy/run_book.py", line 541, in main
    view = orch.advance(asof, source=args.source)
  File "/Users/simonjarvis/prod/QUANTT/src/deploy/portfolio.py", line 154, in advance
    prices = self.price_loader(sleeve.instruments(), asof,
                               sleeve.history_warmup_trading_days())
  File "/Users/simonjarvis/prod/QUANTT/src/deploy/run_book.py", line 280, in book_price_loader
    known = _panel_tickers()
  File "/Users/simonjarvis/prod/QUANTT/src/deploy/run_book.py", line 114, in _panel_tickers
    t = pd.read_parquet(ops_common.PANEL_PATH, columns=["ticker"])["ticker"]
        ~~~~~~~~~~~~~~~^^^^^^^^^^^^^^^^^^^^^^^^^^^^^^^^^^^^^^^^^^^
  File "/opt/anaconda3/lib/python3.13/site-packages/pandas/io/parquet.py", line 669, in read_parquet
    return impl.read(
           ~~~~~~~~~^
        path,
        ^^^^^
    ...<6 lines>...
        **kwargs,
        ^^^^^^^^^
    )
    ^
  File "/opt/anaconda3/lib/python3.13/site-packages/pandas/io/parquet.py", line 258, in read
    path_or_handle, handles, filesystem = _get_path_or_handle(
                                          ~~~~~~~~~~~~~~~~~~~^
        path,
        ^^^^^
    ...<2 lines>...
        mode="rb",
        ^^^^^^^^^^
    )
    ^
  File "/opt/anaconda3/lib/python3.13/site-packages/pandas/io/parquet.py", line 141, in _get_path_or_handle
    handles = get_handle(
        path_or_handle, mode, is_text=False, storage_options=storage_options
    )
  File "/opt/anaconda3/lib/python3.13/site-packages/pandas/io/common.py", line 882, in get_handle
    handle = open(handle, ioargs.mode)
FileNotFoundError: [Errno 2] No such file or directory: '/Users/simonjarvis/prod/QUANTT/data/etf_daily.parquet'
[2026-09-23 09:35:09] book run FAILED rc=1
[2026-09-23 09:35:09] capturing broker executions (TWS forgets these at its daily restart)
API connection failed: ConnectionRefusedError(61, "Connect call failed ('127.0.0.1', 4002)")
Make sure API port on TWS/IBG is open
Traceback (most recent call last):
  File "<frozen runpy>", line 198, in _run_module_as_main
  File "<frozen runpy>", line 88, in _run_code
  File "/Users/simonjarvis/prod/QUANTT/ops/capture_fills.py", line 586, in <module>
    sys.exit(main())
             ~~~~^^
  File "/Users/simonjarvis/prod/QUANTT/ops/capture_fills.py", line 576, in main
    capture(a.book, a.books_root, client_id=a.client_id, asof=a.asof)
    ~~~~~~~^^^^^^^^^^^^^^^^^^^^^^^^^^^^^^^^^^^^^^^^^^^^^^^^^^^^^^^^^^
  File "/Users/simonjarvis/prod/QUANTT/ops/capture_fills.py", line 110, in capture
    app.connect(cfg.host, int(cfg.port),
    ~~~~~~~~~~~^^^^^^^^^^^^^^^^^^^^^^^^^
                clientId=int(client_id or (cfg.client_id + 50)),
                ^^^^^^^^^^^^^^^^^^^^^^^^^^^^^^^^^^^^^^^^^^^^^^^^
                readonly=True, timeout=30)
                ^^^^^^^^^^^^^^^^^^^^^^^^^^
  File "/opt/anaconda3/lib/python3.13/site-packages/ib_async/ib.py", line 369, in connect
    return self._run(
           ~~~~~~~~~^
        self.connectAsync(
        ^^^^^^^^^^^^^^^^^^
    ...<8 lines>...
        )
        ^
    )
    ^
  File "/opt/anaconda3/lib/python3.13/site-packages/ib_async/ib.py", line 428, in _run
    return util.run(*awaitables, timeout=self.RequestTimeout)
           ~~~~~~~~^^^^^^^^^^^^^^^^^^^^^^^^^^^^^^^^^^^^^^^^^^
  File "/opt/anaconda3/lib/python3.13/site-packages/ib_async/util.py", line 360, in run
    result = loop.run_until_complete(task)
  File "/opt/anaconda3/lib/python3.13/asyncio/base_events.py", line 725, in run_until_complete
    return future.result()
           ~~~~~~~~~~~~~^^
  File "/opt/anaconda3/lib/python3.13/site-packages/ib_async/ib.py", line 2043, in connectAsync
    await self.client.connectAsync(host, port, clientId, timeout)
  File "/opt/anaconda3/lib/python3.13/site-packages/ib_async/client.py", line 216, in connectAsync
    await asyncio.wait_for(self.conn.connectAsync(host, port), timeout)
  File "/opt/anaconda3/lib/python3.13/asyncio/tasks.py", line 507, in wait_for
    return await fut
           ^^^^^^^^^
  File "/opt/anaconda3/lib/python3.13/site-packages/ib_async/connection.py", line 38, in connectAsync
    self.transport, _ = await loop.create_connection(lambda: self, host, port)
                        ^^^^^^^^^^^^^^^^^^^^^^^^^^^^^^^^^^^^^^^^^^^^^^^^^^^^^^
  File "/opt/anaconda3/lib/python3.13/asyncio/base_events.py", line 1166, in create_connection
    raise exceptions[0]
  File "/opt/anaconda3/lib/python3.13/asyncio/base_events.py", line 1141, in create_connection
    sock = await self._connect_sock(
           ^^^^^^^^^^^^^^^^^^^^^^^^^
        exceptions, addrinfo, laddr_infos)
        ^^^^^^^^^^^^^^^^^^^^^^^^^^^^^^^^^^
  File "/opt/anaconda3/lib/python3.13/asyncio/base_events.py", line 1044, in _connect_sock
    await self.sock_connect(sock, address)
  File "/opt/anaconda3/lib/python3.13/asyncio/selector_events.py", line 641, in sock_connect
    return await fut
           ^^^^^^^^^
  File "/opt/anaconda3/lib/python3.13/asyncio/selector_events.py", line 681, in _sock_connect_cb
    raise OSError(err, f'Connect call failed {address}')
ConnectionRefusedError: [Errno 61] Connect call failed ('127.0.0.1', 4002)
[2026-09-23 09:35:09] fill capture failed rc=1 (real fills for 2026-09-23 may be lost)
[2026-09-23 09:35:11] done status=failed
