[2026-09-10 11:36:49] wrote /Users/simonjarvis/prod-backups/state_20260910_1136.tgz (200K); 2 kept
[2026-09-10 11:36:49] promoting v2026.09.10.1 -> v2026.09.10.2
[2026-09-10 11:36:49] smoke test on 2026-09-09 -> /Users/simonjarvis/prod/QUANTT/ops/schedule/logs/promote_smoke_v2026.09.10.2.log
[2026-09-10 11:36:50] SMOKE FAILED at step 'doctor' -- rolling back to v2026.09.10.1
[2026-09-11 11:18:30] wrote /Users/simonjarvis/prod-backups/state_20260911_1118.tgz (164K); 9 kept
[2026-09-11 11:18:30] promoting v2026.09.10.1 -> v2026.09.10.7
[2026-09-11 11:18:31] smoke test on 2026-09-10 -> /Users/simonjarvis/prod/QUANTT/ops/schedule/logs/promote_smoke_v2026.09.10.7.log
[2026-09-11 11:19:00] dashboard restarted on v2026.09.10.7
[2026-09-11 11:19:00] PROMOTED v2026.09.10.7 (was v2026.09.10.1)
[2026-09-11 11:38:24] note: 1 live-state file(s) have advanced since the last promotion (expected)
[2026-09-11 11:38:24] note: not present, so not archived: ops/HALT.md data/cef/nav_fallback_log.csv
[2026-09-11 11:38:24] wrote /Users/simonjarvis/prod-backups/state_20260911_1138.tgz (176K); 11 kept
[2026-09-11 11:38:24] promoting v2026.09.10.7 -> v2026.09.11.2
[2026-09-11 11:38:25] smoke test on 2026-09-10 -> /Users/simonjarvis/prod/QUANTT/ops/schedule/logs/promote_smoke_v2026.09.11.2.log
[2026-09-11 11:38:53] dashboard restarted on v2026.09.11.2
[2026-09-11 11:38:53] PROMOTED v2026.09.11.2 (was v2026.09.10.7)
[2026-09-13 21:03:08] note: 22 live-state file(s) have advanced since the last promotion (expected)
[2026-09-13 21:03:09] note: not present, so not archived: data/cef/nav_fallback_log.csv
[2026-09-13 21:03:09] wrote /Users/simonjarvis/prod-backups/state_20260913_2103.tgz (184K); 14 kept
[2026-09-13 21:03:09] promoting v2026.09.11.2 -> v2026.09.13.1
[2026-09-13 21:03:09] smoke test on 2026-09-11 -> /Users/simonjarvis/prod/QUANTT/ops/schedule/logs/promote_smoke_v2026.09.13.1.log
[2026-09-13 21:03:38] dashboard restarted on v2026.09.13.1
[2026-09-13 21:03:38] PROMOTED v2026.09.13.1 (was v2026.09.11.2)
[2026-09-13 23:04:25] note: 22 live-state file(s) have advanced since the last promotion (expected)
[2026-09-13 23:04:26] note: not present, so not archived: data/cef/nav_fallback_log.csv
[2026-09-13 23:04:26] wrote /Users/simonjarvis/prod-backups/state_20260913_2304.tgz (184K); 15 kept
[2026-09-13 23:04:26] promoting v2026.09.13.1 -> v2026.09.13.4
[2026-09-13 23:04:26] smoke test on 2026-09-11 -> /Users/simonjarvis/prod/QUANTT/ops/schedule/logs/promote_smoke_v2026.09.13.4.log
[2026-09-13 23:04:55] dashboard restarted on v2026.09.13.4
[2026-09-13 23:04:55] PROMOTED v2026.09.13.4 (was v2026.09.13.1)
