[doctor] repo   /Users/simonjarvis/prod/QUANTT
[doctor] python /opt/anaconda3/bin/python3

  [PASS] repo-path                /Users/simonjarvis/prod/QUANTT
  [PASS] plist:cef                paths resolve
  [PASS] plist:benchmarks         paths resolve
  [PASS] plist:phase0             paths resolve
  [PASS] plist:collect            paths resolve
  [PASS] plist:watchdog           paths resolve
  [PASS] plist:weekly             paths resolve
  [PASS] plist:backup             paths resolve
  [PASS] loaded:cef               loaded, last exit 0
  [PASS] loaded:benchmarks        loaded, last exit 0
  [PASS] loaded:phase0            loaded, last exit 0
  [PASS] loaded:collect           loaded, last exit 0
  [PASS] loaded:watchdog          loaded, last exit 0
  [PASS] loaded:weekly            loaded, last exit 0
  [PASS] loaded:backup            loaded, last exit 0
  [PASS] env:benchmarks           book paths resolve
  [PASS] env:cef                  book paths resolve
  [PASS] env:phase0               book paths resolve
  [PASS] broker                   127.0.0.1:4002 account=['DUQ199038'] 34 position(s)
  [PASS] ibc                      IBC is managing the gateway
  [WARN] sleep                    THE EVENING SESSION IS UNPROTECTED, which is how 2026-09-10 was lost: lid is CLOSED and disablesleep is off, so clamshell sleep wins over any caffeinate assertion. Nothing brings it back either: no repeating wake is scheduled. com.quantt.awake is loaded (09:00-00:00)
  [PASS] beat:cef                 2026-09-11 (ok)
  [PASS] beat:benchmarks          2026-09-10 (ok)
  [PASS] beat:phase0              2026-09-11 (ok_not_armed)
  [PASS] beat:collect             2026-09-10 (ok)
  [WARN] alerts                   email not configured — alerts reach only the macOS banner and the speech synthesiser, which is nobody when you are away from the machine
  [PASS] panel:cef_prices         0 sessions behind prices (ends 2026-09-10)
  [PASS] panel:cef_nav            0 sessions behind prices (ends 2026-09-10)
  [PASS] panel:cef_distributions  0 sessions behind prices (ends 2026-09-10)
  [WARN] panel:etf_ohlc           30 sessions behind the price panel (ends 2026-07-29, prices end 2026-09-10) — ETF proxies in W10/W13 and gamma/G3's variance work
  [PASS] panel:cef_borrow         0 sessions behind prices (ends 2026-09-10)
  [PASS] panel:cef_facts          0 sessions behind prices (ends 2026-09-11)
  [PASS] panel:cef_facts          carries `fetched_at`

WILL BREAK LATER, OR YOU WILL NOT HEAR ABOUT IT:
  - sleep: THE EVENING SESSION IS UNPROTECTED, which is how 2026-09-10 was lost: lid is CLOSED and disablesleep is off, so clamshell sleep wins over any caffeinate assertion. Nothing brings it back either: no repeating wake is scheduled. com.quantt.awake is loaded (09:00-00:00)
      fix: plug in the charger and open the lid, or: sudo pmset -a disablesleep 1 && sudo pmset -b sleep 0 && sudo pmset repeat wakeorpoweron MTWRF 17:00:00
  - alerts: email not configured — alerts reach only the macOS banner and the speech synthesiser, which is nobody when you are away from the machine
      fix: add ALERT_SMTP_USER and ALERT_SMTP_PASS (a Google App Password) to config/.env
  - panel:etf_ohlc: 30 sessions behind the price panel (ends 2026-07-29, prices end 2026-09-10) — ETF proxies in W10/W13 and gamma/G3's variance work
      fix: refresh it; any note quoting it must state 2026-07-29
waiting for NAV dated 2026-09-10 on 17 deployed names; deadline 21:30, poll every 600s
[11:38:26] yfinance NAV 17/17  cefconnect NAV 6/17  close 17/17  missing on cefconnect: JFR NAD NEA NVG NZF PCN PDI PDO PFN PHK PTY
today's pair is complete on yfinance at 11:38 (first NAV seen 11:38, last 11:38)
  11:38 is before the close: any bar dated 2026-09-11 is a partial session and will not be written
  prices 266,870 rows -> 2026-09-10
  NAV    234,049 rows -> 2026-09-10
  STALE NAV (1 funds, >3 business days old) — the sleeve must not trade these:
    FCT    last NAV 2026-08-06  (26 bd old)
  today's pair complete: every deployed name has a close and a NAV dated 2026-09-10
[run_book] EXECUTION=simulator single day asof=2026-09-10
[dry-run] cef_discount: FLAT  AWF                                   held=0  (cef: below min weight)
[dry-run] cef_discount: LONG  BIT                      w=0.129857   held=0  (cef discount z=-2.63 w=+0.1299 volscal=1.62)
[dry-run] cef_discount: LONG  DSL                      w=0.0447684  held=0  (cef discount z=-1.80 w=+0.0448 volscal=1.62)
[dry-run] cef_discount: LONG  HYT                      w=0.0112424  held=0  (cef discount z=-1.48 w=+0.0112 volscal=1.62)
[dry-run] cef_discount: SHORT JFR                      w=-0.0788457 held=0  (cef discount z=+0.32 w=-0.0788 volscal=1.62)
[dry-run] cef_discount: SHORT MHD                      w=-0.189094  held=0  (cef discount z=+1.39 w=-0.1891 volscal=1.62)
[dry-run] cef_discount: FLAT  MQY                                   held=0  (cef: below min weight)
[dry-run] cef_discount: SHORT NAD                      w=-0.0175653 held=0  (cef discount z=-0.27 w=-0.0176 volscal=1.62)
[dry-run] cef_discount: SHORT NEA                      w=-0.190759  held=0  (cef discount z=+1.41 w=-0.1908 volscal=1.62)
[dry-run] cef_discount: SHORT NVG                      w=-0.0860225 held=0  (cef discount z=+0.39 w=-0.0860 volscal=1.62)
[dry-run] cef_discount: FLAT  NZF                                   held=0  (cef: below min weight)
[dry-run] cef_discount: FLAT  PCN                                   held=0  (cef: below min weight)
[dry-run] cef_discount: LONG  PDI                      w=0.0814807  held=0  (cef discount z=-2.16 w=+0.0815 volscal=1.62)
[dry-run] cef_discount: LONG  PDO                      w=0.0903839  held=0  (cef discount z=-2.25 w=+0.0904 volscal=1.62)
[dry-run] cef_discount: LONG  PFN                      w=0.0100352  held=0  (cef discount z=-1.47 w=+0.0100 volscal=1.62)
[dry-run] cef_discount: LONG  PHK                      w=0.0618563  held=0  (cef discount z=-1.97 w=+0.0619 volscal=1.62)
[dry-run] cef_discount: FLAT  PTY                                   held=0  (cef: below min weight)

[run_book] DRY-RUN asof 2026-09-10: 17 targets across 1 sleeve-days logged to /var/folders/h1/tfb7mk6s7cdg62nzlpq5ttp00000gn/T/tmp.l6dEEVXzby/dryrun_2026-09-10.json — NO orders transmitted, NO ledger writes.

[run_book] BOOK asof 2026-09-10  NAV $0.00  PnL $0.00  turnover $0  gross $0
[run_book]   cef_discount: NAV n/a  verdict OK  enabled
[run_book]   limit max_gross_exposure_usd: OK
[run_book]   limit per_sleeve_capital_band: OK
[run_book]   limit book_worst_month_usd: OK
