[doctor] repo   /Users/simonjarvis/prod/QUANTT
[doctor] python /opt/anaconda3/bin/python3

  [PASS] repo-path          /Users/simonjarvis/prod/QUANTT
  [PASS] plist:cef          paths resolve
  [PASS] plist:benchmarks   paths resolve
  [PASS] plist:phase0       paths resolve
  [PASS] plist:collect      paths resolve
  [PASS] plist:watchdog     paths resolve
  [PASS] plist:weekly       paths resolve
  [PASS] loaded:cef         loaded, last exit 0
  [FAIL] loaded:benchmarks  last exit 3
  [PASS] loaded:phase0      loaded, last exit 0
  [PASS] loaded:collect     loaded, last exit 0
  [PASS] loaded:watchdog    loaded, last exit 0
  [PASS] loaded:weekly      loaded, last exit 0
  [PASS] env:benchmarks     book paths resolve
  [PASS] env:cef            book paths resolve
  [PASS] env:phase0         book paths resolve
  [PASS] broker             127.0.0.1:4002 account=['DUQ199038'] 34 position(s)
  [PASS] ibc                IBC is managing the gateway
  [WARN] sleep              no scheduled wake, but com.quantt.awake holds the machine awake 09:00-20:00 on weekdays. That covers the battery-idle case; a CLOSED LID still sleeps and no session will fire
  [PASS] beat:cef           2026-09-09 (ok)
  [PASS] beat:benchmarks    2026-09-09 (failed)
  [PASS] beat:phase0        2026-09-10 (ok)
  [PASS] beat:collect       2026-09-09 (ok)
  [WARN] alerts             email not configured — alerts reach only the macOS banner and the speech synthesiser, which is nobody when you are away from the machine

UNATTENDED OPERATION IS BROKEN:
  - loaded:benchmarks: last exit 3
      fix: fix the plist, then bootout + bootstrap it to reload
WILL BREAK LATER, OR YOU WILL NOT HEAR ABOUT IT:
  - sleep: no scheduled wake, but com.quantt.awake holds the machine awake 09:00-20:00 on weekdays. That covers the battery-idle case; a CLOSED LID still sleeps and no session will fire
      fix: sudo pmset repeat wakeorpoweron MTWRF 09:20:00 (the real fix)
  - alerts: email not configured — alerts reach only the macOS banner and the speech synthesiser, which is nobody when you are away from the machine
      fix: add ALERT_SMTP_USER and ALERT_SMTP_PASS (a Google App Password) to config/.env
